Component: ARM Compiler 5.06 update 5 (build 528) Tool: armlink [4d35e2]

==============================================================================

Section Cross References

    main.o(i.main) refers to delay.o(i.delay_init) for delay_init
    main.o(i.main) refers to led.o(i.LED_Init) for LED_Init
    main.o(i.main) refers to misc.o(i.NVIC_PriorityGroupConfig) for NVIC_PriorityGroupConfig
    main.o(i.main) refers to usart.o(i.uart_init) for uart_init
    main.o(i.main) refers to adc.o(i.Adc1_Init) for Adc1_Init
    main.o(i.main) refers to adc.o(i.Kalman_Init) for Kalman_Init
    main.o(i.main) refers to measfre.o(i.PID_Init) for PID_Init
    main.o(i.main) refers to measfre.o(i.PID_Clear) for PID_Clear
    main.o(i.main) refers to dac.o(i.Dac2_Init) for Dac2_Init
    main.o(i.main) refers to timer.o(i.TIM4_Int_Init) for TIM4_Int_Init
    main.o(i.main) refers to dma.o(i.DMA_DAC_Init) for DMA_DAC_Init
    main.o(i.main) refers to timer.o(i.TIM5_Int_Init) for TIM5_Int_Init
    main.o(i.main) refers to timer.o(i.TIM6_Int_Init) for TIM6_Int_Init
    main.o(i.main) refers to timer.o(i.TIM3_Int_Init) for TIM3_Int_Init
    main.o(i.main) refers to dma.o(i.DMA_ADC1_Init) for DMA_ADC1_Init
    main.o(i.main) refers to wdg.o(i.IWDG_Init) for IWDG_Init
    main.o(i.main) refers to stm32f10x_tim.o(i.TIM_Cmd) for TIM_Cmd
    main.o(i.main) refers to measfre.o(i.SetFre_Init) for SetFre_Init
    main.o(i.main) refers to measfre.o(i.Wait_Preheat) for Wait_Preheat
    main.o(i.main) refers to main.o(.bss) for MeasFre
    main.o(i.main) refers to usart.o(.data) for flag
    system_stm32f10x.o(i.SetSysClock) refers to system_stm32f10x.o(i.SetSysClockTo72) for SetSysClockTo72
    system_stm32f10x.o(i.SystemCoreClockUpdate) refers to system_stm32f10x.o(.data) for SystemCoreClock
    system_stm32f10x.o(i.SystemInit) refers to system_stm32f10x.o(i.SetSysClock) for SetSysClock
    led.o(i.Get_Status) refers to fflt_clz.o(x$fpl$ffltu) for __aeabi_ui2f
    led.o(i.Get_Status) refers to faddsub_clz.o(x$fpl$fadd) for __aeabi_fadd
    led.o(i.Get_Status) refers to fdiv.o(x$fpl$fdiv) for __aeabi_fdiv
    led.o(i.Get_Status) refers to led.o(.data) for f
    led.o(i.LED_Init) refers to stm32f10x_rcc.o(i.RCC_APB2PeriphClockCmd) for RCC_APB2PeriphClockCmd
    led.o(i.LED_Init) refers to stm32f10x_gpio.o(i.GPIO_Init) for GPIO_Init
    led.o(i.LED_Init) refers to stm32f10x_gpio.o(i.GPIO_SetBits) for GPIO_SetBits
    dac.o(i.Dac2_Init) refers to stm32f10x_rcc.o(i.RCC_APB2PeriphClockCmd) for RCC_APB2PeriphClockCmd
    dac.o(i.Dac2_Init) refers to stm32f10x_rcc.o(i.RCC_APB1PeriphClockCmd) for RCC_APB1PeriphClockCmd
    dac.o(i.Dac2_Init) refers to stm32f10x_gpio.o(i.GPIO_SetBits) for GPIO_SetBits
    dac.o(i.Dac2_Init) refers to stm32f10x_gpio.o(i.GPIO_Init) for GPIO_Init
    dac.o(i.Dac2_Init) refers to stm32f10x_dac.o(i.DAC_DeInit) for DAC_DeInit
    dac.o(i.Dac2_Init) refers to stm32f10x_dac.o(i.DAC_StructInit) for DAC_StructInit
    dac.o(i.Dac2_Init) refers to stm32f10x_dac.o(i.DAC_Init) for DAC_Init
    dac.o(i.Dac2_Init) refers to stm32f10x_dac.o(i.DAC_Cmd) for DAC_Cmd
    dac.o(i.Dac2_Init) refers to stm32f10x_dac.o(i.DAC_DMACmd) for DAC_DMACmd
    adc.o(i.Adc1_Init) refers to stm32f10x_rcc.o(i.RCC_APB2PeriphClockCmd) for RCC_APB2PeriphClockCmd
    adc.o(i.Adc1_Init) refers to stm32f10x_rcc.o(i.RCC_ADCCLKConfig) for RCC_ADCCLKConfig
    adc.o(i.Adc1_Init) refers to stm32f10x_gpio.o(i.GPIO_Init) for GPIO_Init
    adc.o(i.Adc1_Init) refers to stm32f10x_adc.o(i.ADC_DeInit) for ADC_DeInit
    adc.o(i.Adc1_Init) refers to stm32f10x_adc.o(i.ADC_Init) for ADC_Init
    adc.o(i.Adc1_Init) refers to stm32f10x_adc.o(i.ADC_RegularChannelConfig) for ADC_RegularChannelConfig
    adc.o(i.Adc1_Init) refers to stm32f10x_adc.o(i.ADC_Cmd) for ADC_Cmd
    adc.o(i.Adc1_Init) refers to stm32f10x_adc.o(i.ADC_ExternalTrigConvCmd) for ADC_ExternalTrigConvCmd
    adc.o(i.Adc1_Init) refers to stm32f10x_adc.o(i.ADC_DMACmd) for ADC_DMACmd
    adc.o(i.Adc1_Init) refers to stm32f10x_adc.o(i.ADC_ResetCalibration) for ADC_ResetCalibration
    adc.o(i.Adc1_Init) refers to stm32f10x_adc.o(i.ADC_GetResetCalibrationStatus) for ADC_GetResetCalibrationStatus
    adc.o(i.Adc1_Init) refers to stm32f10x_adc.o(i.ADC_StartCalibration) for ADC_StartCalibration
    adc.o(i.Adc1_Init) refers to stm32f10x_adc.o(i.ADC_GetCalibrationStatus) for ADC_GetCalibrationStatus
    adc.o(i.FIR_Filter) refers to dflt_clz.o(x$fpl$dfltu) for __aeabi_ui2d
    adc.o(i.FIR_Filter) refers to dmul.o(x$fpl$dmul) for __aeabi_dmul
    adc.o(i.FIR_Filter) refers to daddsub_clz.o(x$fpl$dadd) for __aeabi_dadd
    adc.o(i.FIR_Filter) refers to dfixu.o(x$fpl$dfixu) for __aeabi_d2uiz
    adc.o(i.FIR_Filter) refers to adc.o(.data) for Yn_Last
    adc.o(i.Get_Adc) refers to stm32f10x_adc.o(i.ADC_RegularChannelConfig) for ADC_RegularChannelConfig
    adc.o(i.Get_Adc) refers to stm32f10x_adc.o(i.ADC_SoftwareStartConvCmd) for ADC_SoftwareStartConvCmd
[...]
    .ARM.Collect$$_printf_percent$$00000017  0x080001b0   Section        4  _printf_percent_end.o(.ARM.Collect$$_printf_percent$$00000017)
    .ARM.Collect$$libinit$$00000000          0x080001b4   Section        2  libinit.o(.ARM.Collect$$libinit$$00000000)
    .ARM.Collect$$libinit$$00000002          0x080001b6   Section        0  libinit2.o(.ARM.Collect$$libinit$$00000002)
    .ARM.Collect$$libinit$$00000004          0x080001b6   Section        0  libinit2.o(.ARM.Collect$$libinit$$00000004)
    .ARM.Collect$$libinit$$0000000A          0x080001b6   Section        0  libinit2.o(.ARM.Collect$$libinit$$0000000A)
    .ARM.Collect$$libinit$$0000000C          0x080001b6   Section        0  libinit2.o(.ARM.Collect$$libinit$$0000000C)
    .ARM.Collect$$libinit$$0000000E          0x080001b6   Section        0  libinit2.o(.ARM.Collect$$libinit$$0000000E)
    .ARM.Collect$$libinit$$0000000F          0x080001b6   Section        6  libinit2.o(.ARM.Collect$$libinit$$0000000F)
    .ARM.Collect$$libinit$$00000011          0x080001bc   Section        0  libinit2.o(.ARM.Collect$$libinit$$00000011)
    .ARM.Collect$$libinit$$00000013          0x080001bc   Section        0  libinit2.o(.ARM.Collect$$libinit$$00000013)
    .ARM.Collect$$libinit$$00000015          0x080001bc   Section        0  libinit2.o(.ARM.Collect$$libinit$$00000015)
    .ARM.Collect$$libinit$$00000016          0x080001bc   Section       10  libinit2.o(.ARM.Collect$$libinit$$00000016)
    .ARM.Collect$$libinit$$00000017          0x080001c6   Section        0  libinit2.o(.ARM.Collect$$libinit$$00000017)
    .ARM.Collect$$libinit$$00000019          0x080001c6   Section        0  libinit2.o(.ARM.Collect$$libinit$$00000019)
    .ARM.Collect$$libinit$$0000001B          0x080001c6   Section        0  libinit2.o(.ARM.Collect$$libinit$$0000001B)
    .ARM.Collect$$libinit$$0000001D          0x080001c6   Section        0  libinit2.o(.ARM.Collect$$libinit$$0000001D)
    .ARM.Collect$$libinit$$0000001F          0x080001c6   Section        0  libinit2.o(.ARM.Collect$$libinit$$0000001F)
    .ARM.Collect$$libinit$$00000021          0x080001c6   Section        0  libinit2.o(.ARM.Collect$$libinit$$00000021)
    .ARM.Collect$$libinit$$00000023          0x080001c6   Section        0  libinit2.o(.ARM.Collect$$libinit$$00000023)
    .ARM.Collect$$libinit$$00000025          0x080001c6   Section        0  libinit2.o(.ARM.Collect$$libinit$$00000025)
    .ARM.Collect$$libinit$$0000002C          0x080001c6   Section        0  libinit2.o(.ARM.Collect$$libinit$$0000002C)
    .ARM.Collect$$libinit$$0000002E          0x080001c6   Section        0  libinit2.o(.ARM.Collect$$libinit$$0000002E)
    .ARM.Collect$$libinit$$00000030          0x080001c6   Section        0  libinit2.o(.ARM.Collect$$libinit$$00000030)
    .ARM.Collect$$libinit$$00000032          0x080001c6   Section        0  libinit2.o(.ARM.Collect$$libinit$$00000032)
    .ARM.Collect$$libinit$$00000033          0x080001c6   Section        2  libinit2.o(.ARM.Collect$$libinit$$00000033)
    .ARM.Collect$$libshutdown$$00000000      0x080001c8   Section        2  libshutdown.o(.ARM.Collect$$libshutdown$$00000000)
    .ARM.Collect$$libshutdown$$00000002      0x080001ca   Section        0  libshutdown2.o(.ARM.Collect$$libshutdown$$00000002)
    .ARM.Collect$$libshutdown$$00000004      0x080001ca   Section        0  libshutdown2.o(.ARM.Collect$$libshutdown$$00000004)
    .ARM.Collect$$libshutdown$$00000007      0x080001ca   Section        0  libshutdown2.o(.ARM.Collect$$libshutdown$$00000007)
    .ARM.Collect$$libshutdown$$0000000A      0x080001ca   Section        0  libshutdown2.o(.ARM.Collect$$libshutdown$$0000000A)
    .ARM.Collect$$libshutdown$$0000000C      0x080001ca   Section        0  libshutdown2.o(.ARM.Collect$$libshutdown$$0000000C)
    .ARM.Collect$$libshutdown$$0000000F      0x080001ca   Section        0  libshutdown2.o(.ARM.Collect$$libshutdown$$0000000F)
    .ARM.Collect$$libshutdown$$00000010      0x080001ca   Section        2  libshutdown2.o(.ARM.Collect$$libshutdown$$00000010)
    .ARM.Collect$$rtentry$$00000000          0x080001cc   Section        0  __rtentry.o(.ARM.Collect$$rtentry$$00000000)
    .ARM.Collect$$rtentry$$00000002          0x080001cc   Section        0  __rtentry2.o(.ARM.Collect$$rtentry$$00000002)
    .ARM.Collect$$rtentry$$00000004          0x080001cc   Section        6  __rtentry4.o(.ARM.Collect$$rtentry$$00000004)
    .ARM.Collect$$rtentry$$00000009          0x080001d2   Section        0  __rtentry2.o(.ARM.Collect$$rtentry$$00000009)
    .ARM.Collect$$rtentry$$0000000A          0x080001d2   Section        4  __rtentry2.o(.ARM.Collect$$rtentry$$0000000A)
    .ARM.Collect$$rtentry$$0000000C          0x080001d6   Section        0  __rtentry2.o(.ARM.Collect$$rtentry$$0000000C)
    .ARM.Collect$$rtentry$$0000000D          0x080001d6   Section        8  __rtentry2.o(.ARM.Collect$$rtentry$$0000000D)
    .ARM.Collect$$rtexit$$00000000           0x080001de   Section        2  rtexit.o(.ARM.Collect$$rtexit$$00000000)
    .ARM.Collect$$rtexit$$00000002           0x080001e0   Section        0  rtexit2.o(.ARM.Collect$$rtexit$$00000002)
    .ARM.Collect$$rtexit$$00000003           0x080001e0   Section        4  rtexit2.o(.ARM.Collect$$rtexit$$00000003)
    .ARM.Collect$$rtexit$$00000004           0x080001e4   Section        6  rtexit2.o(.ARM.Collect$$rtexit$$00000004)
    .text                                    0x080001ec   Section       64  startup_stm32f10x_hd.o(.text)
    .text                                    0x0800022c   Section        2  use_no_semi_2.o(.text)
    .text                                    0x08000230   Section        0  noretval__2printf.o(.text)
    .text                                    0x08000248   Section        0  _printf_dec.o(.text)
    .text                                    0x080002c0   Section        0  __printf_wp.o(.text)
    .text                                    0x080003ce   Section        0  strstr.o(.text)
    .text                                    0x080003f2   Section        0  heapauxi.o(.text)
    .text                                    0x080003f8   Section        2  use_no_semi.o(.text)
    .text                                    0x080003fa   Section        0  _printf_intcommon.o(.text)
    .text                                    0x080004ac   Section        0  _printf_fp_dec.o(.text)
    _fp_digits                               0x080004af   Thumb Code   432  _printf_fp_dec.o(.text)
    .text                                    0x080008cc   Section        0  _printf_char_file.o(.text)
    .text                                    0x080008f0   Section        8  rt_locale_intlibspace.o(.text)
    .text                                    0x080008f8   Section      138  lludiv10.o(.text)
    .text                                    0x08000984   Section        0  _printf_char_common.o(.text)
    _printf_input_char                       0x08000985   Thumb Code    10  _printf_char_common.o(.text)
    .text                                    0x080009b4   Section        0  _printf_fp_infnan.o(.text)
    .text                                    0x08000a34   Section        0  bigflt0.o(.text)
    .text                                    0x08000b18   Section        0  ferror.o(.text)
    .text                                    0x08000b20   Section        8  libspace.o(.text)
    .text                                    0x08000b28   Section       74  sys_stackheap_outer.o(.text)
    .text                                    0x08000b72   Section        0  exit.o(.text)
    .text                                    0x08000b84   Section      128  strcmpv7m.o(.text)
    CL$$btod_d2e                             0x08000c04   Section       62  btod.o(CL$$btod_d2e)
    CL$$btod_d2e_denorm_low                  0x08000c42   Section       70  btod.o(CL$$btod_d2e_denorm_low)
    CL$$btod_d2e_norm_op1                    0x08000c88   Section       96  btod.o(CL$$btod_d2e_norm_op1)
    CL$$btod_div_common                      0x08000ce8   Section      824  btod.o(CL$$btod_div_common)
    CL$$btod_e2e                             0x08001020   Section      220  btod.o(CL$$btod_e2e)
    CL$$btod_ediv                            0x080010fc   Section       42  btod.o(CL$$btod_ediv)
    CL$$btod_emul                            0x08001126   Section       42  btod.o(CL$$btod_emul)
    CL$$btod_mult_common                     0x08001150   Section      580  btod.o(CL$$btod_mult_common)
    i.ADC_Cmd                                0x08001394   Section        0  stm32f10x_adc.o(i.ADC_Cmd)
    i.ADC_DMACmd                             0x080013aa   Section        0  stm32f10x_adc.o(i.ADC_DMACmd)
    i.ADC_DeInit                             0x080013c0   Section        0  stm32f10x_adc.o(i.ADC_DeInit)
    i.ADC_ExternalTrigConvCmd                0x0800141c   Section        0  stm32f10x_adc.o(i.ADC_ExternalTrigConvCmd)
    i.ADC_GetCalibrationStatus               0x08001432   Section        0  stm32f10x_adc.o(i.ADC_GetCalibrationStatus)
    i.ADC_GetResetCalibrationStatus          0x08001446   Section        0  stm32f10x_adc.o(i.ADC_GetResetCalibrationStatus)
    i.ADC_Init                               0x0800145c   Section        0  stm32f10x_adc.o(i.ADC_Init)
    i.ADC_RegularChannelConfig               0x080014ac   Section        0  stm32f10x_adc.o(i.ADC_RegularChannelConfig)
    i.ADC_ResetCalibration                   0x08001564   Section        0  stm32f10x_adc.o(i.ADC_ResetCalibration)
    i.ADC_StartCalibration                   0x0800156e   Section        0  stm32f10x_adc.o(i.ADC_StartCalibration)
    i.Adc1_Init                              0x08001578   Section        0  adc.o(i.Adc1_Init)
    i.BusFault_Handler                       0x08001630   Section        0  stm32f10x_it.o(i.BusFault_Handler)
    i.Clear_Buffer                           0x08001634   Section        0  usart.o(i.Clear_Buffer)
    i.DAC_Cmd                                0x08001658   Section        0  stm32f10x_dac.o(i.DAC_Cmd)
    i.DAC_DMACmd                             0x08001680   Section        0  stm32f10x_dac.o(i.DAC_DMACmd)
    i.DAC_DeInit                             0x080016ac   Section        0  stm32f10x_dac.o(i.DAC_DeInit)
    i.DAC_Init                               0x080016c4   Section        0  stm32f10x_dac.o(i.DAC_Init)
    i.DAC_StructInit                         0x080016f8   Section        0  stm32f10x_dac.o(i.DAC_StructInit)
    i.DMA1_Channel1_IRQHandler               0x08001704   Section        0  dma.o(i.DMA1_Channel1_IRQHandler)
    i.DMA_ADC1_Init                          0x0800172c   Section        0  dma.o(i.DMA_ADC1_Init)
    i.DMA_ClearITPendingBit                  0x080017b8   Section        0  stm32f10x_dma.o(i.DMA_ClearITPendingBit)
    i.DMA_Cmd                                0x080017d4   Section        0  stm32f10x_dma.o(i.DMA_Cmd)
    i.DMA_DAC_Init                           0x080017ec   Section        0  dma.o(i.DMA_DAC_Init)
    i.DMA_DeInit                             0x08001850   Section        0  stm32f10x_dma.o(i.DMA_DeInit)
    i.DMA_GetITStatus                        0x0800199c   Section        0  stm32f10x_dma.o(i.DMA_GetITStatus)
    i.DMA_ITConfig                           0x080019c8   Section        0  stm32f10x_dma.o(i.DMA_ITConfig)
    i.DMA_Init                               0x080019da   Section        0  stm32f10x_dma.o(i.DMA_Init)
    i.DMA_StructInit                         0x08001a16   Section        0  stm32f10x_dma.o(i.DMA_StructInit)
    i.Dac2_Init                              0x08001a30   Section        0  dac.o(i.Dac2_Init)
    i.DebugMon_Handler                       0x08001a9c   Section        0  stm32f10x_it.o(i.DebugMon_Handler)
    i.FIR_Filter                             0x08001aa0   Section        0  adc.o(i.FIR_Filter)
    i.GPIO_Init                              0x08001b08   Section        0  stm32f10x_gpio.o(i.GPIO_Init)
    i.GPIO_SetBits                           0x08001c1e   Section        0  stm32f10x_gpio.o(i.GPIO_SetBits)
    i.Get_Status                             0x08001c24   Section        0  led.o(i.Get_Status)
    i.HardFault_Handler                      0x08001c88   Section        0  stm32f10x_it.o(i.HardFault_Handler)
    i.IWDG_Enable                            0x08001c8c   Section        0  stm32f10x_iwdg.o(i.IWDG_Enable)
    i.IWDG_Feed                              0x08001c9c   Section        0  wdg.o(i.IWDG_Feed)
    i.IWDG_Init                              0x08001ca4   Section        0  wdg.o(i.IWDG_Init)
    i.IWDG_ReloadCounter                     0x08001cc8   Section        0  stm32f10x_iwdg.o(i.IWDG_ReloadCounter)
    i.IWDG_SetPrescaler                      0x08001cd8   Section        0  stm32f10x_iwdg.o(i.IWDG_SetPrescaler)
    i.IWDG_SetReload                         0x08001ce4   Section        0  stm32f10x_iwdg.o(i.IWDG_SetReload)
    i.IWDG_WriteAccessCmd                    0x08001cf0   Section        0  stm32f10x_iwdg.o(i.IWDG_WriteAccessCmd)
    i.Kalman_Init                            0x08001cfc   Section        0  adc.o(i.Kalman_Init)
    i.LED_Init                               0x08001d28   Section        0  led.o(i.LED_Init)
    i.MemManage_Handler                      0x08001d8c   Section        0  stm32f10x_it.o(i.MemManage_Handler)
    i.NMI_Handler                            0x08001d90   Section        0  stm32f10x_it.o(i.NMI_Handler)
    i.NVIC_Init                              0x08001d94   Section        0  misc.o(i.NVIC_Init)
    i.NVIC_PriorityGroupConfig               0x08001e04   Section        0  misc.o(i.NVIC_PriorityGroupConfig)
    i.PID_Clear                              0x08001e18   Section        0  measfre.o(i.PID_Clear)
    i.PID_Init                               0x08001e26   Section        0  measfre.o(i.PID_Init)
    i.PID_SingleCalc                         0x08001e5a   Section        0  measfre.o(i.PID_SingleCalc)
    i.PendSV_Handler                         0x08001eec   Section        0  stm32f10x_it.o(i.PendSV_Handler)
    i.RCC_ADCCLKConfig                       0x08001ef0   Section        0  stm32f10x_rcc.o(i.RCC_ADCCLKConfig)
    i.RCC_AHBPeriphClockCmd                  0x08001f08   Section        0  stm32f10x_rcc.o(i.RCC_AHBPeriphClockCmd)
    i.RCC_APB1PeriphClockCmd                 0x08001f28   Section        0  stm32f10x_rcc.o(i.RCC_APB1PeriphClockCmd)
    i.RCC_APB1PeriphResetCmd                 0x08001f48   Section        0  stm32f10x_rcc.o(i.RCC_APB1PeriphResetCmd)
    i.RCC_APB2PeriphClockCmd                 0x08001f68   Section        0  stm32f10x_rcc.o(i.RCC_APB2PeriphClockCmd)
    i.RCC_APB2PeriphResetCmd                 0x08001f88   Section        0  stm32f10x_rcc.o(i.RCC_APB2PeriphResetCmd)
    i.RCC_GetClocksFreq                      0x08001fa8   Section        0  stm32f10x_rcc.o(i.RCC_GetClocksFreq)
    i.SVC_Handler                            0x0800207c   Section        0  stm32f10x_it.o(i.SVC_Handler)
    i.SetFre_Init                            0x08002080   Section        0  measfre.o(i.SetFre_Init)
    i.SetSysClock                            0x080020ec   Section        0  system_stm32f10x.o(i.SetSysClock)
    SetSysClock                              0x080020ed   Thumb Code     8  system_stm32f10x.o(i.SetSysClock)
    i.SetSysClockTo72                        0x080020f4   Section        0  system_stm32f10x.o(i.SetSysClockTo72)
    SetSysClockTo72                          0x080020f5   Thumb Code   214  system_stm32f10x.o(i.SetSysClockTo72)
    i.SysTick_CLKSourceConfig                0x080021d4   Section        0  misc.o(i.SysTick_CLKSourceConfig)
    i.SysTick_Handler                        0x080021fc   Section        0  stm32f10x_it.o(i.SysTick_Handler)
    i.SystemInit                             0x08002200   Section        0  system_stm32f10x.o(i.SystemInit)
    i.TIM2_IRQHandler                        0x08002260   Section        0  timer.o(i.TIM2_IRQHandler)
    i.TIM3_Int_Init                          0x0800227c   Section        0  timer.o(i.TIM3_Int_Init)
    i.TIM4_Int_Init                          0x080022c8   Section        0  timer.o(i.TIM4_Int_Init)
    i.TIM5_IRQHandler                        0x08002318   Section        0  timer.o(i.TIM5_IRQHandler)
    i.TIM5_Int_Init                          0x08002398   Section        0  timer.o(i.TIM5_Int_Init)
    i.TIM6_IRQHandler                        0x080023f8   Section        0  timer.o(i.TIM6_IRQHandler)
    i.TIM6_Int_Init                          0x08002454   Section        0  timer.o(i.TIM6_Int_Init)
    i.TIM_ClearITPendingBit                  0x080024c0   Section        0  stm32f10x_tim.o(i.TIM_ClearITPendingBit)
    i.TIM_Cmd                                0x080024c6   Section        0  stm32f10x_tim.o(i.TIM_Cmd)
    i.TIM_DeInit                             0x080024e0   Section        0  stm32f10x_tim.o(i.TIM_DeInit)
    i.TIM_GetITStatus                        0x080026c8   Section        0  stm32f10x_tim.o(i.TIM_GetITStatus)
    i.TIM_ITConfig                           0x080026ea   Section        0  stm32f10x_tim.o(i.TIM_ITConfig)
    i.TIM_SelectOutputTrigger                0x080026fc   Section        0  stm32f10x_tim.o(i.TIM_SelectOutputTrigger)
    i.TIM_TimeBaseInit                       0x08002710   Section        0  stm32f10x_tim.o(i.TIM_TimeBaseInit)
    i.TIM_TimeBaseStructInit                 0x080027b4   Section        0  stm32f10x_tim.o(i.TIM_TimeBaseStructInit)
    i.USART1_IRQHandler                      0x080027c8   Section        0  usart.o(i.USART1_IRQHandler)
    i.USART_ClearITPendingBit                0x08002860   Section        0  stm32f10x_usart.o(i.USART_ClearITPendingBit)
    i.USART_Cmd                              0x0800287e   Section        0  stm32f10x_usart.o(i.USART_Cmd)
    i.USART_GetITStatus                      0x08002896   Section        0  stm32f10x_usart.o(i.USART_GetITStatus)
    i.USART_ITConfig                         0x080028ea   Section        0  stm32f10x_usart.o(i.USART_ITConfig)
    i.USART_Init                             0x08002934   Section        0  stm32f10x_usart.o(i.USART_Init)
    i.USART_ReceiveData                      0x08002a0c   Section        0  stm32f10x_usart.o(i.USART_ReceiveData)
    i.UsageFault_Handler                     0x08002a16   Section        0  stm32f10x_it.o(i.UsageFault_Handler)
    i.Wait_Preheat                           0x08002a1a   Section        0  measfre.o(i.Wait_Preheat)
    i.__ARM_fpclassify                       0x08002a34   Section        0  fpclassify.o(i.__ARM_fpclassify)
    i._is_digit                              0x08002a5c   Section        0  __printf_wp.o(i._is_digit)
    i._sys_exit                              0x08002a6a   Section        0  usart.o(i._sys_exit)
    i.delay_init                             0x08002a70   Section        0  delay.o(i.delay_init)
    i.delay_ms                               0x08002ab4   Section        0  delay.o(i.delay_ms)
    i.fputc                                  0x08002b00   Section        0  usart.o(i.fputc)
    i.main                                   0x08002b1c   Section        0  main.o(i.main)
    i.uart_init                              0x08002c50   Section        0  usart.o(i.uart_init)
    locale$$code                             0x08002cfc   Section       44  lc_numeric_c.o(locale$$code)
    x$fpl$d2f                                0x08002d28   Section       98  d2f.o(x$fpl$d2f)
    x$fpl$dadd                               0x08002d8c   Section      336  daddsub_clz.o(x$fpl$dadd)
    _dadd1                                   0x08002d9d   Thumb Code     0  daddsub_clz.o(x$fpl$dadd)
    x$fpl$dfixu                              0x08002edc   Section       90  dfixu.o(x$fpl$dfixu)
    x$fpl$dfltu                              0x08002f36   Section       38  dflt_clz.o(x$fpl$dfltu)
    x$fpl$dmul                               0x08002f5c   Section      340  dmul.o(x$fpl$dmul)
    x$fpl$dnaninf                            0x080030b0   Section      156  dnaninf.o(x$fpl$dnaninf)
    x$fpl$dretinf                            0x0800314c   Section       12  dretinf.o(x$fpl$dretinf)
    x$fpl$dsub                               0x08003158   Section      468  daddsub_clz.o(x$fpl$dsub)
    _dsub1                                   0x08003169   Thumb Code     0  daddsub_clz.o(x$fpl$dsub)
    x$fpl$f2d                                0x0800332c   Section       86  f2d.o(x$fpl$f2d)
    x$fpl$fadd                               0x08003384   Section      196  faddsub_clz.o(x$fpl$fadd)
    _fadd1                                   0x08003393   Thumb Code     0  faddsub_clz.o(x$fpl$fadd)
    x$fpl$fcmpinf                            0x08003448   Section       24  fcmpi.o(x$fpl$fcmpinf)
    x$fpl$fdiv                               0x08003460   Section      388  fdiv.o(x$fpl$fdiv)
    _fdiv1                                   0x08003461   Thumb Code     0  fdiv.o(x$fpl$fdiv)
    x$fpl$ffixu                              0x080035e4   Section       62  ffixu.o(x$fpl$ffixu)
    x$fpl$ffltu                              0x08003624   Section       38  fflt_clz.o(x$fpl$ffltu)
    x$fpl$fleqf                              0x0800364c   Section      104  fleqf.o(x$fpl$fleqf)
    x$fpl$fnaninf                            0x080036b4   Section      140  fnaninf.o(x$fpl$fnaninf)
    x$fpl$fretinf                            0x08003740   Section       10  fretinf.o(x$fpl$fretinf)
    x$fpl$frleqf                             0x0800374a   Section       98  frleqf.o(x$fpl$frleqf)
    x$fpl$fsub                               0x080037ac   Section      234  faddsub_clz.o(x$fpl$fsub)
    _fsub1                                   0x080037bb   Thumb Code     0  faddsub_clz.o(x$fpl$fsub)
    x$fpl$printf1                            0x08003896   Section        4  printf1.o(x$fpl$printf1)
    x$fpl$usenofp                            0x0800389a   Section        0  usenofp.o(x$fpl$usenofp)
    .constdata                               0x0800389c   Section      148  bigflt0.o(.constdata)
    tenpwrs_x                                0x0800389c   Data          60  bigflt0.o(.constdata)
    tenpwrs_i                                0x080038d8   Data          64  bigflt0.o(.constdata)
    locale$$data                             0x08003950   Section       28  lc_numeric_c.o(locale$$data)
    __lcnum_c_name                           0x08003954   Data           2  lc_numeric_c.o(locale$$data)
    __lcnum_c_start                          0x0800395c   Data           0  lc_numeric_c.o(locale$$data)
    __lcnum_c_point                          0x08003968   Data           0  lc_numeric_c.o(locale$$data)
    __lcnum_c_thousands                      0x0800396a   Data           0  lc_numeric_c.o(locale$$data)
    __lcnum_c_grouping                       0x0800396b   Data           0  lc_numeric_c.o(locale$$data)
    __lcnum_c_end                            0x0800396c   Data           0  lc_numeric_c.o(locale$$data)
    .data                                    0x20000000   Section       20  system_stm32f10x.o(.data)
    .data                                    0x20000014   Section        4  led.o(.data)
    .data                                    0x20000018   Section        4  adc.o(.data)
    .data                                    0x2000001c   Section        1  timer.o(.data)
    .data                                    0x20000020   Section       14  dma.o(.data)
    .data                                    0x2000002e   Section        4  delay.o(.data)
    fac_us                                   0x2000002e   Data           1  delay.o(.data)
    fac_ms                                   0x20000030   Data           2  delay.o(.data)
    .data                                    0x20000034   Section        9  usart.o(.data)
    .data                                    0x2000003d   Section       20  stm32f10x_rcc.o(.data)
    APBAHBPrescTable                         0x2000003d   Data          16  stm32f10x_rcc.o(.data)
    ADCPrescTable                            0x2000004d   Data           4  stm32f10x_rcc.o(.data)
    .bss                                     0x20000058   Section       56  main.o(.bss)
    .bss                                     0x20000090   Section       28  adc.o(.bss)
    .bss                                     0x200000ac   Section      210  usart.o(.bss)
    .bss                                     0x20000180   Section       96  libspace.o(.bss)
    HEAP                                     0x200001e0   Section      512  startup_stm32f10x_hd.o(HEAP)
    Heap_Mem                                 0x200001e0   Data         512  startup_stm32f10x_hd.o(HEAP)
    STACK                                    0x200003e0   Section     1024  startup_stm32f10x_hd.o(STACK)
    Stack_Mem                                0x200003e0   Data        1024  startup_stm32f10x_hd.o(STACK)
    __initial_sp                             0x200007e0   Data           0  startup_stm32f10x_hd.o(STACK)

    Global Symbols

    Symbol Name                              Value     Ov Type        Size  Object(Section)

    BuildAttributes$$THM_ISAv4$P$D$K$B$S$PE$A:L22UL41UL21$X:L11$S22US41US21$IEEE1$IW$USESV6$~STKCKD$USESV7$~SHL$OTIME$ROPI$IEEEJ$EBA8$UX$STANDARDLIB$REQ8$PRES8$EABIv2 0x00000000   Number         0  anon$$obj.o ABSOLUTE
    __ARM_use_no_argv                        0x00000000   Number         0  main.o ABSOLUTE
    _printf_flags                            0x00000000   Number         0  printf_stubs.o ABSOLUTE
    _printf_return_value                     0x00000000   Number         0  printf_stubs.o ABSOLUTE
    _printf_sizespec                         0x00000000   Number         0  printf_stubs.o ABSOLUTE
    _printf_widthprec                        0x00000000   Number         0  printf_stubs.o ABSOLUTE
    __ARM_exceptions_init                     - Undefined Weak Reference
    __alloca_initialize                       - Undefined Weak Reference
    __arm_preinit_                            - Undefined Weak Reference
    __cpp_initialize__aeabi_                  - Undefined Weak Reference
    __cxa_finalize                            - Undefined Weak Reference
    __sigvec_lookup                           - Undefined Weak Reference
    _atexit_init                              - Undefined Weak Reference
    _call_atexit_fns                          - Undefined Weak Reference
    _clock_init                               - Undefined Weak Reference
    _fp_trap_init                             - Undefined Weak Reference
    _fp_trap_shutdown                         - Undefined Weak Reference
    _get_lc_collate                           - Undefined Weak Reference
    _get_lc_ctype                             - Undefined Weak Reference
    _get_lc_monetary                          - Undefined Weak Reference
    _get_lc_time                              - Undefined Weak Reference
    _getenv_init                              - Undefined Weak Reference
    _handle_redirection                       - Undefined Weak Reference
    _init_alloc                               - Undefined Weak Reference
    _init_user_alloc                          - Undefined Weak Reference
    _initio                                   - Undefined Weak Reference
    _mutex_acquire                            - Undefined Weak Reference
    _mutex_release                            - Undefined Weak Reference
    _printf_post_padding                      - Undefined Weak Reference
    _printf_pre_padding                       - Undefined Weak Reference
    _printf_truncate_signed                   - Undefined Weak Reference
    _printf_truncate_unsigned                 - Undefined Weak Reference
    _rand_init                                - Undefined Weak Reference
    _signal_finish                            - Undefined Weak Reference
    _signal_init                              - Undefined Weak Reference
    _terminate_alloc                          - Undefined Weak Reference
    _terminate_user_alloc                     - Undefined Weak Reference
    _terminateio                              - Undefined Weak Reference
    __Vectors_Size                           0x00000130   Number         0  startup_stm32f10x_hd.o ABSOLUTE
    __Vectors                                0x08000000   Data           4  startup_stm32f10x_hd.o(RESET)
    __Vectors_End                            0x08000130   Data           0  startup_stm32f10x_hd.o(RESET)
    __main                                   0x08000131   Thumb Code     8  __main.o(!!!main)
    __scatterload                            0x08000139   Thumb Code     0  __scatter.o(!!!scatter)
    __scatterload_rt2                        0x08000139   Thumb Code    44  __scatter.o(!!!scatter)
    __scatterload_rt2_thumb_only             0x08000139   Thumb Code     0  __scatter.o(!!!scatter)
    __scatterload_null                       0x08000147   Thumb Code     0  __scatter.o(!!!scatter)
    __scatterload_copy                       0x0800016d   Thumb Code    26  __scatter_copy.o(!!handler_copy)
    __scatterload_zeroinit                   0x08000189   Thumb Code    28  __scatter_zi.o(!!handler_zi)
    _printf_f                                0x080001a5   Thumb Code     0  _printf_f.o(.ARM.Collect$$_printf_percent$$00000003)
    _printf_percent                          0x080001a5   Thumb Code     0  _printf_percent.o(.ARM.Collect$$_printf_percent$$00000000)
    _printf_d                                0x080001ab   Thumb Code     0  _printf_d.o(.ARM.Collect$$_printf_percent$$00000009)
    _printf_percent_end                      0x080001b1   Thumb Code     0  _printf_percent_end.o(.ARM.Collect$$_printf_percent$$00000017)
    __rt_lib_init                            0x080001b5   Thumb Code     0  libinit.o(.ARM.Collect$$libinit$$00000000)
    __rt_lib_init_fp_1                       0x080001b7   Thumb Code     0  libinit2.o(.ARM.Collect$$libinit$$00000002)
    __rt_lib_init_heap_1                     0x080001b7   Thumb Code     0  libinit2.o(.ARM.Collect$$libinit$$0000000A)
    __rt_lib_init_lc_common                  0x080001b7   Thumb Code     0  libinit2.o(.ARM.Collect$$libinit$$0000000F)
    __rt_lib_init_preinit_1                  0x080001b7   Thumb Code     0  libinit2.o(.ARM.Collect$$libinit$$00000004)
    __rt_lib_init_rand_1                     0x080001b7   Thumb Code     0  libinit2.o(.ARM.Collect$$libinit$$0000000E)
    __rt_lib_init_user_alloc_1               0x080001b7   Thumb Code     0  libinit2.o(.ARM.Collect$$libinit$$0000000C)
    __rt_lib_init_lc_collate_1               0x080001bd   Thumb Code     0  libinit2.o(.ARM.Collect$$libinit$$00000011)
    __rt_lib_init_lc_ctype_1                 0x080001bd   Thumb Code     0  libinit2.o(.ARM.Collect$$libinit$$00000013)
    __rt_lib_init_lc_monetary_1              0x080001bd   Thumb Code     0  libinit2.o(.ARM.Collect$$libinit$$00000015)
    __rt_lib_init_lc_numeric_2               0x080001bd   Thumb Code     0  libinit2.o(.ARM.Collect$$libinit$$00000016)
    __rt_lib_init_alloca_1                   0x080001c7   Thumb Code     0  libinit2.o(.ARM.Collect$$libinit$$0000002E)
    __rt_lib_init_argv_1                     0x080001c7   Thumb Code     0  libinit2.o(.ARM.Collect$$libinit$$0000002C)
    __rt_lib_init_atexit_1                   0x080001c7   Thumb Code     0  libinit2.o(.ARM.Collect$$libinit$$0000001B)
    __rt_lib_init_clock_1                    0x080001c7   Thumb Code     0  libinit2.o(.ARM.Collect$$libinit$$00000021)
    __rt_lib_init_cpp_1                      0x080001c7   Thumb Code     0  libinit2.o(.ARM.Collect$$libinit$$00000032)
    __rt_lib_init_exceptions_1               0x080001c7   Thumb Code     0  libinit2.o(.ARM.Collect$$libinit$$00000030)
    __rt_lib_init_fp_trap_1                  0x080001c7   Thumb Code     0  libinit2.o(.ARM.Collect$$libinit$$0000001F)
    __rt_lib_init_getenv_1                   0x080001c7   Thumb Code     0  libinit2.o(.ARM.Collect$$libinit$$00000023)
    __rt_lib_init_lc_numeric_1               0x080001c7   Thumb Code     0  libinit2.o(.ARM.Collect$$libinit$$00000017)
    __rt_lib_init_lc_time_1                  0x080001c7   Thumb Code     0  libinit2.o(.ARM.Collect$$libinit$$00000019)
    __rt_lib_init_return                     0x080001c7   Thumb Code     0  libinit2.o(.ARM.Collect$$libinit$$00000033)
    __rt_lib_init_signal_1                   0x080001c7   Thumb Code     0  libinit2.o(.ARM.Collect$$libinit$$0000001D)
    __rt_lib_init_stdio_1                    0x080001c7   Thumb Code     0  libinit2.o(.ARM.Collect$$libinit$$00000025)
    __rt_lib_shutdown                        0x080001c9   Thumb Code     0  libshutdown.o(.ARM.Collect$$libshutdown$$00000000)
    __rt_lib_shutdown_cpp_1                  0x080001cb   Thumb Code     0  libshutdown2.o(.ARM.Collect$$libshutdown$$00000002)
    __rt_lib_shutdown_fp_trap_1              0x080001cb   Thumb Code     0  libshutdown2.o(.ARM.Collect$$libshutdown$$00000007)
    __rt_lib_shutdown_heap_1                 0x080001cb   Thumb Code     0  libshutdown2.o(.ARM.Collect$$libshutdown$$0000000F)
    __rt_lib_shutdown_return                 0x080001cb   Thumb Code     0  libshutdown2.o(.ARM.Collect$$libshutdown$$00000010)
    __rt_lib_shutdown_signal_1               0x080001cb   Thumb Code     0  libshutdown2.o(.ARM.Collect$$libshutdown$$0000000A)
    __rt_lib_shutdown_stdio_1                0x080001cb   Thumb Code     0  libshutdown2.o(.ARM.Collect$$libshutdown$$00000004)
    __rt_lib_shutdown_user_alloc_1           0x080001cb   Thumb Code     0  libshutdown2.o(.ARM.Collect$$libshutdown$$0000000C)
    __rt_entry                               0x080001cd   Thumb Code     0  __rtentry.o(.ARM.Collect$$rtentry$$00000000)
    __rt_entry_presh_1                       0x080001cd   Thumb Code     0  __rtentry2.o(.ARM.Collect$$rtentry$$00000002)
    __rt_entry_sh                            0x080001cd   Thumb Code     0  __rtentry4.o(.ARM.Collect$$rtentry$$00000004)
    __rt_entry_li                            0x080001d3   Thumb Code     0  __rtentry2.o(.ARM.Collect$$rtentry$$0000000A)
    __rt_entry_postsh_1                      0x080001d3   Thumb Code     0  __rtentry2.o(.ARM.Collect$$rtentry$$00000009)
    __rt_entry_main                          0x080001d7   Thumb Code     0  __rtentry2.o(.ARM.Collect$$rtentry$$0000000D)
    __rt_entry_postli_1                      0x080001d7   Thumb Code     0  __rtentry2.o(.ARM.Collect$$rtentry$$0000000C)
    __rt_exit                                0x080001df   Thumb Code     0  rtexit.o(.ARM.Collect$$rtexit$$00000000)
    __rt_exit_ls                             0x080001e1   Thumb Code     0  rtexit2.o(.ARM.Collect$$rtexit$$00000003)
    __rt_exit_prels_1                        0x080001e1   Thumb Code     0  rtexit2.o(.ARM.Collect$$rtexit$$00000002)
    __rt_exit_exit                           0x080001e5   Thumb Code     0  rtexit2.o(.ARM.Collect$$rtexit$$00000004)
    Reset_Handler                            0x080001ed   Thumb Code     8  startup_stm32f10x_hd.o(.text)
    ADC1_2_IRQHandler                        0x08000207   Thumb Code     0  startup_stm32f10x_hd.o(.text)
    ADC3_IRQHandler                          0x08000207   Thumb Code     0  startup_stm32f10x_hd.o(.text)
    CAN1_RX1_IRQHandler                      0x08000207   Thumb Code     0  startup_stm32f10x_hd.o(.text)
    CAN1_SCE_IRQHandler                      0x08000207   Thumb Code     0  startup_stm32f10x_hd.o(.text)
    DMA1_Channel2_IRQHandler                 0x08000207   Thumb Code     0  startup_stm32f10x_hd.o(.text)
    DMA1_Channel3_IRQHandler                 0x08000207   Thumb Code     0  startup_stm32f10x_hd.o(.text)
    DMA1_Channel4_IRQHandler                 0x08000207   Thumb Code     0  startup_stm32f10x_hd.o(.text)
    DMA1_Channel5_IRQHandler                 0x08000207   Thumb Code     0  startup_stm32f10x_hd.o(.text)
    DMA1_Channel6_IRQHandler                 0x08000207   Thumb Code     0  startup_stm32f10x_hd.o(.text)
    DMA1_Channel7_IRQHandler                 0x08000207   Thumb Code     0  startup_stm32f10x_hd.o(.text)
    DMA2_Channel1_IRQHandler                 0x08000207   Thumb Code     0  startup_stm32f10x_hd.o(.text)
    DMA2_Channel2_IRQHandler                 0x08000207   Thumb Code     0  startup_stm32f10x_hd.o(.text)
    DMA2_Channel3_IRQHandler                 0x08000207   Thumb Code     0  startup_stm32f10x_hd.o(.text)
    DMA2_Channel4_5_IRQHandler               0x08000207   Thumb Code     0  startup_stm32f10x_hd.o(.text)
    EXTI0_IRQHandler                         0x08000207   Thumb Code     0  startup_stm32f10x_hd.o(.text)
    EXTI15_10_IRQHandler                     0x08000207   Thumb Code     0  startup_stm32f10x_hd.o(.text)
    EXTI1_IRQHandler                         0x08000207   Thumb Code     0  startup_stm32f10x_hd.o(.text)
    EXTI2_IRQHandler                         0x08000207   Thumb Code     0  startup_stm32f10x_hd.o(.text)
    EXTI3_IRQHandler                         0x08000207   Thumb Code     0  startup_stm32f10x_hd.o(.text)
    EXTI4_IRQHandler                         0x08000207   Thumb Code     0  startup_stm32f10x_hd.o(.text)
    EXTI9_5_IRQHandler                       0x08000207   Thumb Code     0  startup_stm32f10x_hd.o(.text)
    FLASH_IRQHandler                         0x08000207   Thumb Code     0  startup_stm32f10x_hd.o(.text)
    FSMC_IRQHandler                          0x08000207   Thumb Code     0  startup_stm32f10x_hd.o(.text)
    I2C1_ER_IRQHandler                       0x08000207   Thumb Code     0  startup_stm32f10x_hd.o(.text)
    I2C1_EV_IRQHandler                       0x08000207   Thumb Code     0  startup_stm32f10x_hd.o(.text)
    I2C2_ER_IRQHandler                       0x08000207   Thumb Code     0  startup_stm32f10x_hd.o(.text)
    I2C2_EV_IRQHandler                       0x08000207   Thumb Code     0  startup_stm32f10x_hd.o(.text)
    PVD_IRQHandler                           0x08000207   Thumb Code     0  startup_stm32f10x_hd.o(.text)
    RCC_IRQHandler                           0x08000207   Thumb Code     0  startup_stm32f10x_hd.o(.text)
    RTCAlarm_IRQHandler                      0x08000207   Thumb Code     0  startup_stm32f10x_hd.o(.text)
    RTC_IRQHandler                           0x08000207   Thumb Code     0  startup_stm32f10x_hd.o(.text)
    SDIO_IRQHandler                          0x08000207   Thumb Code     0  startup_stm32f10x_hd.o(.text)
    SPI1_IRQHandler                          0x08000207   Thumb Code     0  startup_stm32f10x_hd.o(.text)
    SPI2_IRQHandler                          0x08000207   Thumb Code     0  startup_stm32f10x_hd.o(.text)
    SPI3_IRQHandler                          0x08000207   Thumb Code     0  startup_stm32f10x_hd.o(.text)
    TAMPER_IRQHandler                        0x08000207   Thumb Code     0  startup_stm32f10x_hd.o(.text)
    TIM1_BRK_IRQHandler                      0x08000207   Thumb Code     0  startup_stm32f10x_hd.o(.text)
    TIM1_CC_IRQHandler                       0x08000207   Thumb Code     0  startup_stm32f10x_hd.o(.text)
    TIM1_TRG_COM_IRQHandler                  0x08000207   Thumb Code     0  startup_stm32f10x_hd.o(.text)
    TIM1_UP_IRQHandler                       0x08000207   Thumb Code     0  startup_stm32f10x_hd.o(.text)
    TIM3_IRQHandler                          0x08000207   Thumb Code     0  startup_stm32f10x_hd.o(.text)
    TIM4_IRQHandler                          0x08000207   Thumb Code     0  startup_stm32f10x_hd.o(.text)
    TIM7_IRQHandler                          0x08000207   Thumb Code     0  startup_stm32f10x_hd.o(.text)
    TIM8_BRK_IRQHandler                      0x08000207   Thumb Code     0  startup_stm32f10x_hd.o(.text)
    TIM8_CC_IRQHandler                       0x08000207   Thumb Code     0  startup_stm32f10x_hd.o(.text)
    TIM8_TRG_COM_IRQHandler                  0x08000207   Thumb Code     0  startup_stm32f10x_hd.o(.text)
    TIM8_UP_IRQHandler                       0x08000207   Thumb Code     0  startup_stm32f10x_hd.o(.text)
    UART4_IRQHandler                         0x08000207   Thumb Code     0  startup_stm32f10x_hd.o(.text)
    UART5_IRQHandler                         0x08000207   Thumb Code     0  startup_stm32f10x_hd.o(.text)
    USART2_IRQHandler                        0x08000207   Thumb Code     0  startup_stm32f10x_hd.o(.text)
    USART3_IRQHandler                        0x08000207   Thumb Code     0  startup_stm32f10x_hd.o(.text)
    USBWakeUp_IRQHandler                     0x08000207   Thumb Code     0  startup_stm32f10x_hd.o(.text)
    USB_HP_CAN1_TX_IRQHandler                0x08000207   Thumb Code     0  startup_stm32f10x_hd.o(.text)
    USB_LP_CAN1_RX0_IRQHandler               0x08000207   Thumb Code     0  startup_stm32f10x_hd.o(.text)
    WWDG_IRQHandler                          0x08000207   Thumb Code     0  startup_stm32f10x_hd.o(.text)
    __user_initial_stackheap                 0x08000209   Thumb Code     0  startup_stm32f10x_hd.o(.text)
    __use_no_semihosting                     0x0800022d   Thumb Code     2  use_no_semi_2.o(.text)
    __2printf                                0x08000231   Thumb Code    20  noretval__2printf.o(.text)
    _printf_int_dec                          0x08000249   Thumb Code   104  _printf_dec.o(.text)
    __printf                                 0x080002c1   Thumb Code   270  __printf_wp.o(.text)
    strstr                                   0x080003cf   Thumb Code    36  strstr.o(.text)
    __use_two_region_memory                  0x080003f3   Thumb Code     2  heapauxi.o(.text)
    __rt_heap_escrow$2region                 0x080003f5   Thumb Code     2  heapauxi.o(.text)
    __rt_heap_expand$2region                 0x080003f7   Thumb Code     2  heapauxi.o(.text)
    __I$use$semihosting                      0x080003f9   Thumb Code     0  use_no_semi.o(.text)
    __use_no_semihosting_swi                 0x080003f9   Thumb Code     2  use_no_semi.o(.text)
    _printf_int_common                       0x080003fb   Thumb Code   178  _printf_intcommon.o(.text)
    __lib_sel_fp_printf                      0x080004ad   Thumb Code     2  _printf_fp_dec.o(.text)
    _printf_fp_dec_real                      0x0800065f   Thumb Code   620  _printf_fp_dec.o(.text)
    _printf_char_file                        0x080008cd   Thumb Code    32  _printf_char_file.o(.text)
    __rt_locale                              0x080008f1   Thumb Code     8  rt_locale_intlibspace.o(.text)
    _ll_udiv10                               0x080008f9   Thumb Code   138  lludiv10.o(.text)
    _printf_char_common                      0x0800098f   Thumb Code    32  _printf_char_common.o(.text)
    _printf_fp_infnan                        0x080009b5   Thumb Code   112  _printf_fp_infnan.o(.text)
    _btod_etento                             0x08000a35   Thumb Code   224  bigflt0.o(.text)
    ferror                                   0x08000b19   Thumb Code     8  ferror.o(.text)
    __user_libspace                          0x08000b21   Thumb Code     8  libspace.o(.text)
    __user_perproc_libspace                  0x08000b21   Thumb Code     0  libspace.o(.text)
    __user_perthread_libspace                0x08000b21   Thumb Code     0  libspace.o(.text)
    __user_setup_stackheap                   0x08000b29   Thumb Code    74  sys_stackheap_outer.o(.text)
    exit                                     0x08000b73   Thumb Code    18  exit.o(.text)
    strcmp                                   0x08000b85   Thumb Code   128  strcmpv7m.o(.text)
    _btod_d2e                                0x08000c05   Thumb Code    62  btod.o(CL$$btod_d2e)
    _d2e_denorm_low                          0x08000c43   Thumb Code    70  btod.o(CL$$btod_d2e_denorm_low)
    _d2e_norm_op1                            0x08000c89   Thumb Code    96  btod.o(CL$$btod_d2e_norm_op1)
    __btod_div_common                        0x08000ce9   Thumb Code   696  btod.o(CL$$btod_div_common)
    _e2e                                     0x08001021   Thumb Code   220  btod.o(CL$$btod_e2e)
    _btod_ediv                               0x080010fd   Thumb Code    42  btod.o(CL$$btod_ediv)
    _btod_emul                               0x08001127   Thumb Code    42  btod.o(CL$$btod_emul)
    __btod_mult_common                       0x08001151   Thumb Code   580  btod.o(CL$$btod_mult_common)
    ADC_Cmd                                  0x08001395   Thumb Code    22  stm32f10x_adc.o(i.ADC_Cmd)
    ADC_DMACmd                               0x080013ab   Thumb Code    22  stm32f10x_adc.o(i.ADC_DMACmd)
    ADC_DeInit                               0x080013c1   Thumb Code    78  stm32f10x_adc.o(i.ADC_DeInit)
    ADC_ExternalTrigConvCmd                  0x0800141d   Thumb Code    22  stm32f10x_adc.o(i.ADC_ExternalTrigConvCmd)
    ADC_GetCalibrationStatus                 0x08001433   Thumb Code    20  stm32f10x_adc.o(i.ADC_GetCalibrationStatus)
    ADC_GetResetCalibrationStatus            0x08001447   Thumb Code    20  stm32f10x_adc.o(i.ADC_GetResetCalibrationStatus)
    ADC_Init                                 0x0800145d   Thumb Code    70  stm32f10x_adc.o(i.ADC_Init)
    ADC_RegularChannelConfig                 0x080014ad   Thumb Code   184  stm32f10x_adc.o(i.ADC_RegularChannelConfig)
    ADC_ResetCalibration                     0x08001565   Thumb Code    10  stm32f10x_adc.o(i.ADC_ResetCalibration)
    ADC_StartCalibration                     0x0800156f   Thumb Code    10  stm32f10x_adc.o(i.ADC_StartCalibration)
    Adc1_Init                                0x08001579   Thumb Code   176  adc.o(i.Adc1_Init)
    BusFault_Handler                         0x08001631   Thumb Code     4  stm32f10x_it.o(i.BusFault_Handler)
    Clear_Buffer                             0x08001635   Thumb Code    26  usart.o(i.Clear_Buffer)
    DAC_Cmd                                  0x08001659   Thumb Code    34  stm32f10x_dac.o(i.DAC_Cmd)
    DAC_DMACmd                               0x08001681   Thumb Code    38  stm32f10x_dac.o(i.DAC_DMACmd)
    DAC_DeInit                               0x080016ad   Thumb Code    22  stm32f10x_dac.o(i.DAC_DeInit)
    DAC_Init                                 0x080016c5   Thumb Code    46  stm32f10x_dac.o(i.DAC_Init)
    DAC_StructInit                           0x080016f9   Thumb Code    12  stm32f10x_dac.o(i.DAC_StructInit)
    DMA1_Channel1_IRQHandler                 0x08001705   Thumb Code    30  dma.o(i.DMA1_Channel1_IRQHandler)
    DMA_ADC1_Init                            0x0800172d   Thumb Code   126  dma.o(i.DMA_ADC1_Init)
    DMA_ClearITPendingBit                    0x080017b9   Thumb Code    18  stm32f10x_dma.o(i.DMA_ClearITPendingBit)
    DMA_Cmd                                  0x080017d5   Thumb Code    24  stm32f10x_dma.o(i.DMA_Cmd)
    DMA_DAC_Init                             0x080017ed   Thumb Code    88  dma.o(i.DMA_DAC_Init)
    DMA_DeInit                               0x08001851   Thumb Code   324  stm32f10x_dma.o(i.DMA_DeInit)
    DMA_GetITStatus                          0x0800199d   Thumb Code    36  stm32f10x_dma.o(i.DMA_GetITStatus)
    DMA_ITConfig                             0x080019c9   Thumb Code    18  stm32f10x_dma.o(i.DMA_ITConfig)
    DMA_Init                                 0x080019db   Thumb Code    60  stm32f10x_dma.o(i.DMA_Init)
    DMA_StructInit                           0x08001a17   Thumb Code    26  stm32f10x_dma.o(i.DMA_StructInit)
    Dac2_Init                                0x08001a31   Thumb Code   104  dac.o(i.Dac2_Init)
    DebugMon_Handler                         0x08001a9d   Thumb Code     2  stm32f10x_it.o(i.DebugMon_Handler)
    FIR_Filter                               0x08001aa1   Thumb Code    78  adc.o(i.FIR_Filter)
    GPIO_Init                                0x08001b09   Thumb Code   278  stm32f10x_gpio.o(i.GPIO_Init)
    GPIO_SetBits                             0x08001c1f   Thumb Code     4  stm32f10x_gpio.o(i.GPIO_SetBits)
    Get_Status                               0x08001c25   Thumb Code    82  led.o(i.Get_Status)
    HardFault_Handler                        0x08001c89   Thumb Code     4  stm32f10x_it.o(i.HardFault_Handler)
    IWDG_Enable                              0x08001c8d   Thumb Code    10  stm32f10x_iwdg.o(i.IWDG_Enable)
    IWDG_Feed                                0x08001c9d   Thumb Code     8  wdg.o(i.IWDG_Feed)
    IWDG_Init                                0x08001ca5   Thumb Code    36  wdg.o(i.IWDG_Init)
    IWDG_ReloadCounter                       0x08001cc9   Thumb Code    10  stm32f10x_iwdg.o(i.IWDG_ReloadCounter)
    IWDG_SetPrescaler                        0x08001cd9   Thumb Code     6  stm32f10x_iwdg.o(i.IWDG_SetPrescaler)
    IWDG_SetReload                           0x08001ce5   Thumb Code     6  stm32f10x_iwdg.o(i.IWDG_SetReload)
    IWDG_WriteAccessCmd                      0x08001cf1   Thumb Code     6  stm32f10x_iwdg.o(i.IWDG_WriteAccessCmd)
    Kalman_Init                              0x08001cfd   Thumb Code    32  adc.o(i.Kalman_Init)
    LED_Init                                 0x08001d29   Thumb Code    94  led.o(i.LED_Init)
    MemManage_Handler                        0x08001d8d   Thumb Code     4  stm32f10x_it.o(i.MemManage_Handler)
    NMI_Handler                              0x08001d91   Thumb Code     2  stm32f10x_it.o(i.NMI_Handler)
    NVIC_Init                                0x08001d95   Thumb Code   100  misc.o(i.NVIC_Init)
    NVIC_PriorityGroupConfig                 0x08001e05   Thumb Code    10  misc.o(i.NVIC_PriorityGroupConfig)
    PID_Clear                                0x08001e19   Thumb Code    14  measfre.o(i.PID_Clear)
    PID_Init                                 0x08001e27   Thumb Code    52  measfre.o(i.PID_Init)
    PID_SingleCalc                           0x08001e5b   Thumb Code   146  measfre.o(i.PID_SingleCalc)
    PendSV_Handler                           0x08001eed   Thumb Code     2  stm32f10x_it.o(i.PendSV_Handler)
    RCC_ADCCLKConfig                         0x08001ef1   Thumb Code    18  stm32f10x_rcc.o(i.RCC_ADCCLKConfig)
    RCC_AHBPeriphClockCmd                    0x08001f09   Thumb Code    26  stm32f10x_rcc.o(i.RCC_AHBPeriphClockCmd)
    RCC_APB1PeriphClockCmd                   0x08001f29   Thumb Code    26  stm32f10x_rcc.o(i.RCC_APB1PeriphClockCmd)
    RCC_APB1PeriphResetCmd                   0x08001f49   Thumb Code    26  stm32f10x_rcc.o(i.RCC_APB1PeriphResetCmd)
    RCC_APB2PeriphClockCmd                   0x08001f69   Thumb Code    26  stm32f10x_rcc.o(i.RCC_APB2PeriphClockCmd)
    RCC_APB2PeriphResetCmd                   0x08001f89   Thumb Code    26  stm32f10x_rcc.o(i.RCC_APB2PeriphResetCmd)
    RCC_GetClocksFreq                        0x08001fa9   Thumb Code   192  stm32f10x_rcc.o(i.RCC_GetClocksFreq)
    SVC_Handler                              0x0800207d   Thumb Code     2  stm32f10x_it.o(i.SVC_Handler)
    SetFre_Init                              0x08002081   Thumb Code   100  measfre.o(i.SetFre_Init)
    SysTick_CLKSourceConfig                  0x080021d5   Thumb Code    40  misc.o(i.SysTick_CLKSourceConfig)
    SysTick_Handler                          0x080021fd   Thumb Code     2  stm32f10x_it.o(i.SysTick_Handler)
    SystemInit                               0x08002201   Thumb Code    78  system_stm32f10x.o(i.SystemInit)
    TIM2_IRQHandler                          0x08002261   Thumb Code    26  timer.o(i.TIM2_IRQHandler)
    TIM3_Int_Init                            0x0800227d   Thumb Code    72  timer.o(i.TIM3_Int_Init)
    TIM4_Int_Init                            0x080022c9   Thumb Code    72  timer.o(i.TIM4_Int_Init)
    TIM5_IRQHandler                          0x08002319   Thumb Code   108  timer.o(i.TIM5_IRQHandler)
    TIM5_Int_Init                            0x08002399   Thumb Code    92  timer.o(i.TIM5_Int_Init)
    TIM6_IRQHandler                          0x080023f9   Thumb Code    62  timer.o(i.TIM6_IRQHandler)
    TIM6_Int_Init                            0x08002455   Thumb Code   102  timer.o(i.TIM6_Int_Init)
    TIM_ClearITPendingBit                    0x080024c1   Thumb Code     6  stm32f10x_tim.o(i.TIM_ClearITPendingBit)
    TIM_Cmd                                  0x080024c7   Thumb Code    24  stm32f10x_tim.o(i.TIM_Cmd)
    TIM_DeInit                               0x080024e1   Thumb Code   424  stm32f10x_tim.o(i.TIM_DeInit)
    TIM_GetITStatus                          0x080026c9   Thumb Code    34  stm32f10x_tim.o(i.TIM_GetITStatus)
    TIM_ITConfig                             0x080026eb   Thumb Code    18  stm32f10x_tim.o(i.TIM_ITConfig)
    TIM_SelectOutputTrigger                  0x080026fd   Thumb Code    18  stm32f10x_tim.o(i.TIM_SelectOutputTrigger)
    TIM_TimeBaseInit                         0x08002711   Thumb Code   122  stm32f10x_tim.o(i.TIM_TimeBaseInit)
    TIM_TimeBaseStructInit                   0x080027b5   Thumb Code    18  stm32f10x_tim.o(i.TIM_TimeBaseStructInit)
    USART1_IRQHandler                        0x080027c9   Thumb Code   120  usart.o(i.USART1_IRQHandler)
    USART_ClearITPendingBit                  0x08002861   Thumb Code    30  stm32f10x_usart.o(i.USART_ClearITPendingBit)
    USART_Cmd                                0x0800287f   Thumb Code    24  stm32f10x_usart.o(i.USART_Cmd)
    USART_GetITStatus                        0x08002897   Thumb Code    84  stm32f10x_usart.o(i.USART_GetITStatus)
    USART_ITConfig                           0x080028eb   Thumb Code    74  stm32f10x_usart.o(i.USART_ITConfig)
    USART_Init                               0x08002935   Thumb Code   210  stm32f10x_usart.o(i.USART_Init)
    USART_ReceiveData                        0x08002a0d   Thumb Code    10  stm32f10x_usart.o(i.USART_ReceiveData)
    UsageFault_Handler                       0x08002a17   Thumb Code     4  stm32f10x_it.o(i.UsageFault_Handler)
    Wait_Preheat                             0x08002a1b   Thumb Code    26  measfre.o(i.Wait_Preheat)
    __ARM_fpclassify                         0x08002a35   Thumb Code    40  fpclassify.o(i.__ARM_fpclassify)
    _is_digit                                0x08002a5d   Thumb Code    14  __printf_wp.o(i._is_digit)
    _sys_exit                                0x08002a6b   Thumb Code     6  usart.o(i._sys_exit)
    delay_init                               0x08002a71   Thumb Code    50  delay.o(i.delay_init)
    delay_ms                                 0x08002ab5   Thumb Code    72  delay.o(i.delay_ms)
    fputc                                    0x08002b01   Thumb Code    24  usart.o(i.fputc)
    main                                     0x08002b1d   Thumb Code   274  main.o(i.main)
    uart_init                                0x08002c51   Thumb Code   164  usart.o(i.uart_init)
    _get_lc_numeric                          0x08002cfd   Thumb Code    44  lc_numeric_c.o(locale$$code)
    __aeabi_d2f                              0x08002d29   Thumb Code     0  d2f.o(x$fpl$d2f)
    _d2f                                     0x08002d29   Thumb Code    98  d2f.o(x$fpl$d2f)
    __aeabi_dadd                             0x08002d8d   Thumb Code     0  daddsub_clz.o(x$fpl$dadd)
    _dadd                                    0x08002d8d   Thumb Code   332  daddsub_clz.o(x$fpl$dadd)
    __aeabi_d2uiz                            0x08002edd   Thumb Code     0  dfixu.o(x$fpl$dfixu)
    _dfixu                                   0x08002edd   Thumb Code    90  dfixu.o(x$fpl$dfixu)
    __aeabi_ui2d                             0x08002f37   Thumb Code     0  dflt_clz.o(x$fpl$dfltu)
    _dfltu                                   0x08002f37   Thumb Code    38  dflt_clz.o(x$fpl$dfltu)
    __aeabi_dmul                             0x08002f5d   Thumb Code     0  dmul.o(x$fpl$dmul)
    _dmul                                    0x08002f5d   Thumb Code   332  dmul.o(x$fpl$dmul)
    __fpl_dnaninf                            0x080030b1   Thumb Code   156  dnaninf.o(x$fpl$dnaninf)
    __fpl_dretinf                            0x0800314d   Thumb Code    12  dretinf.o(x$fpl$dretinf)
    __aeabi_dsub                             0x08003159   Thumb Code     0  daddsub_clz.o(x$fpl$dsub)
    _dsub                                    0x08003159   Thumb Code   464  daddsub_clz.o(x$fpl$dsub)
    __aeabi_f2d                              0x0800332d   Thumb Code     0  f2d.o(x$fpl$f2d)
    _f2d                                     0x0800332d   Thumb Code    86  f2d.o(x$fpl$f2d)
    __aeabi_fadd                             0x08003385   Thumb Code     0  faddsub_clz.o(x$fpl$fadd)
    _fadd                                    0x08003385   Thumb Code   196  faddsub_clz.o(x$fpl$fadd)
    __fpl_fcmp_Inf                           0x08003449   Thumb Code    24  fcmpi.o(x$fpl$fcmpinf)
    __aeabi_fdiv                             0x08003461   Thumb Code     0  fdiv.o(x$fpl$fdiv)
    _fdiv                                    0x08003461   Thumb Code   384  fdiv.o(x$fpl$fdiv)
    __aeabi_f2uiz                            0x080035e5   Thumb Code     0  ffixu.o(x$fpl$ffixu)
    _ffixu                                   0x080035e5   Thumb Code    62  ffixu.o(x$fpl$ffixu)
    __aeabi_ui2f                             0x08003625   Thumb Code     0  fflt_clz.o(x$fpl$ffltu)
    _ffltu                                   0x08003625   Thumb Code    38  fflt_clz.o(x$fpl$ffltu)
    __aeabi_cfcmple                          0x0800364d   Thumb Code     0  fleqf.o(x$fpl$fleqf)
    _fcmple                                  0x0800364d   Thumb Code   104  fleqf.o(x$fpl$fleqf)
    __fpl_fcmple_InfNaN                      0x0800369f   Thumb Code     0  fleqf.o(x$fpl$fleqf)
    __fpl_fnaninf                            0x080036b5   Thumb Code   140  fnaninf.o(x$fpl$fnaninf)
    __fpl_fretinf                            0x08003741   Thumb Code    10  fretinf.o(x$fpl$fretinf)
    __aeabi_cfrcmple                         0x0800374b   Thumb Code     0  frleqf.o(x$fpl$frleqf)
    _frcmple                                 0x0800374b   Thumb Code    98  frleqf.o(x$fpl$frleqf)
    __aeabi_fsub                             0x080037ad   Thumb Code     0  faddsub_clz.o(x$fpl$fsub)
    _fsub                                    0x080037ad   Thumb Code   234  faddsub_clz.o(x$fpl$fsub)
    _printf_fp_dec                           0x08003897   Thumb Code     4  printf1.o(x$fpl$printf1)
    __I$use$fp                               0x0800389a   Number         0  usenofp.o(x$fpl$usenofp)
    Region$$Table$$Base                      0x08003930   Number         0  anon$$obj.o(Region$$Table)
    Region$$Table$$Limit                     0x08003950   Number         0  anon$$obj.o(Region$$Table)
    SystemCoreClock                          0x20000000   Data           4  system_stm32f10x.o(.data)
    AHBPrescTable                            0x20000004   Data          16  system_stm32f10x.o(.data)
    f                                        0x20000014   Data           4  led.o(.data)
    Yn_Now                                   0x20000018   Data           2  adc.o(.data)
    Yn_Last                                  0x2000001a   Data           2  adc.o(.data)
    Status                                   0x2000001c   Data           1  timer.o(.data)
    ADC_ConvertedValue                       0x20000020   Data           4  dma.o(.data)
    Fangbo                                   0x20000024   Data           8  dma.o(.data)
    Kalman_data                              0x2000002c   Data           2  dma.o(.data)
    __stdout                                 0x20000034   Data           4  usart.o(.data)
    USART_RX_STA                             0x20000038   Data           2  usart.o(.data)
    RxCounter                                0x2000003a   Data           1  usart.o(.data)
    i                                        0x2000003b   Data           1  usart.o(.data)
    flag                                     0x2000003c   Data           1  usart.o(.data)
    MeasFre                                  0x20000058   Data          56  main.o(.bss)
    kfp                                      0x20000090   Data          28  adc.o(.bss)
    USART_RX_BUF                             0x200000ac   Data         200  usart.o(.bss)
    RxBuffer                                 0x20000174   Data          10  usart.o(.bss)
    __libspace_start                         0x20000180   Data          96  libspace.o(.bss)
    __temporary_stack_top$libspace           0x200001e0   Data           0  libspace.o(.bss)



==============================================================================

Memory Map of the image

  Image Entry point : 0x080001ed

  Load Region LR_1 (Base: 0x08000000, Size: 0x000039c0, Max: 0xffffffff, ABSOLUTE)

    Execution Region ER_RO (Exec base: 0x08000000, Load base: 0x08000000, Size: 0x0000396c, Max: 0xffffffff, ABSOLUTE)

    Exec Addr    Load Addr    Size         Type   Attr      Idx    E Section Name        Object

    0x08000000   0x08000000   0x00000130   Data   RO         1020    RESET               startup_stm32f10x_hd.o
    0x08000130   0x08000130   0x00000008   Code   RO         2580  * !!!main             c_w.l(__main.o)
    0x08000138   0x08000138   0x00000034   Code   RO         2854    !!!scatter          c_w.l(__scatter.o)
    0x0800016c   0x0800016c   0x0000001a   Code   RO         2856    !!handler_copy      c_w.l(__scatter_copy.o)
    0x08000186   0x08000186   0x00000002   PAD
    0x08000188   0x08000188   0x0000001c   Code   RO         2858    !!handler_zi        c_w.l(__scatter_zi.o)
    0x080001a4   0x080001a4   0x00000000   Code   RO         2575    .ARM.Collect$$_printf_percent$$00000000  c_w.l(_printf_percent.o)
    0x080001a4   0x080001a4   0x00000006   Code   RO         2574    .ARM.Collect$$_printf_percent$$00000003  c_w.l(_printf_f.o)
    0x080001aa   0x080001aa   0x00000006   Code   RO         2573    .ARM.Collect$$_printf_percent$$00000009  c_w.l(_printf_d.o)
    0x080001b0   0x080001b0   0x00000004   Code   RO         2639    .ARM.Collect$$_printf_percent$$00000017  c_w.l(_printf_percent_end.o)
    0x080001b4   0x080001b4   0x00000002   Code   RO         2731    .ARM.Collect$$libinit$$00000000  c_w.l(libinit.o)
    0x080001b6   0x080001b6   0x00000000   Code   RO         2733    .ARM.Collect$$libinit$$00000002  c_w.l(libinit2.o)
    0x080001b6   0x080001b6   0x00000000   Code   RO         2735    .ARM.Collect$$libinit$$00000004  c_w.l(libinit2.o)
    0x080001b6   0x080001b6   0x00000000   Code   RO         2738    .ARM.Collect$$libinit$$0000000A  c_w.l(libinit2.o)
    0x080001b6   0x080001b6   0x00000000   Code   RO         2740    .ARM.Collect$$libinit$$0000000C  c_w.l(libinit2.o)
    0x080001b6   0x080001b6   0x00000000   Code   RO         2742    .ARM.Collect$$libinit$$0000000E  c_w.l(libinit2.o)
    0x080001b6   0x080001b6   0x00000006   Code   RO         2743    .ARM.Collect$$libinit$$0000000F  c_w.l(libinit2.o)
    0x080001bc   0x080001bc   0x00000000   Code   RO         2745    .ARM.Collect$$libinit$$00000011  c_w.l(libinit2.o)
    0x080001bc   0x080001bc   0x00000000   Code   RO         2747    .ARM.Collect$$libinit$$00000013  c_w.l(libinit2.o)
    0x080001bc   0x080001bc   0x00000000   Code   RO         2749    .ARM.Collect$$libinit$$00000015  c_w.l(libinit2.o)
    0x080001bc   0x080001bc   0x0000000a   Code   RO         2750    .ARM.Collect$$libinit$$00000016  c_w.l(libinit2.o)
    0x080001c6   0x080001c6   0x00000000   Code   RO         2751    .ARM.Collect$$libinit$$00000017  c_w.l(libinit2.o)
    0x080001c6   0x080001c6   0x00000000   Code   RO         2753    .ARM.Collect$$libinit$$00000019  c_w.l(libinit2.o)
    0x080001c6   0x080001c6   0x00000000   Code   RO         2755    .ARM.Collect$$libinit$$0000001B  c_w.l(libinit2.o)
    0x080001c6   0x080001c6   0x00000000   Code   RO         2757    .ARM.Collect$$libinit$$0000001D  c_w.l(libinit2.o)
    0x080001c6   0x080001c6   0x00000000   Code   RO         2759    .ARM.Collect$$libinit$$0000001F  c_w.l(libinit2.o)
    0x080001c6   0x080001c6   0x00000000   Code   RO         2761    .ARM.Collect$$libinit$$00000021  c_w.l(libinit2.o)
    0x080001c6   0x080001c6   0x00000000   Code   RO         2763    .ARM.Collect$$libinit$$00000023  c_w.l(libinit2.o)
    0x080001c6   0x080001c6   0x00000000   Code   RO         2765    .ARM.Collect$$libinit$$00000025  c_w.l(libinit2.o)
    0x080001c6   0x080001c6   0x00000000   Code   RO         2769    .ARM.Collect$$libinit$$0000002C  c_w.l(libinit2.o)
    0x080001c6   0x080001c6   0x00000000   Code   RO         2771    .ARM.Collect$$libinit$$0000002E  c_w.l(libinit2.o)
    0x080001c6   0x080001c6   0x00000000   Code   RO         2773    .ARM.Collect$$libinit$$00000030  c_w.l(libinit2.o)
    0x080001c6   0x080001c6   0x00000000   Code   RO         2775    .ARM.Collect$$libinit$$00000032  c_w.l(libinit2.o)
    0x080001c6   0x080001c6   0x00000002   Code   RO         2776    .ARM.Collect$$libinit$$00000033  c_w.l(libinit2.o)
    0x080001c8   0x080001c8   0x00000002   Code   RO         2804    .ARM.Collect$$libshutdown$$00000000  c_w.l(libshutdown.o)
    0x080001ca   0x080001ca   0x00000000   Code   RO         2813    .ARM.Collect$$libshutdown$$00000002  c_w.l(libshutdown2.o)
    0x080001ca   0x080001ca   0x00000000   Code   RO         2815    .ARM.Collect$$libshutdown$$00000004  c_w.l(libshutdown2.o)
    0x080001ca   0x080001ca   0x00000000   Code   RO         2818    .ARM.Collect$$libshutdown$$00000007  c_w.l(libshutdown2.o)
    0x080001ca   0x080001ca   0x00000000   Code   RO         2821    .ARM.Collect$$libshutdown$$0000000A  c_w.l(libshutdown2.o)
    0x080001ca   0x080001ca   0x00000000   Code   RO         2823    .ARM.Collect$$libshutdown$$0000000C  c_w.l(libshutdown2.o)
    0x080001ca   0x080001ca   0x00000000   Code   RO         2826    .ARM.Collect$$libshutdown$$0000000F  c_w.l(libshutdown2.o)
    0x080001ca   0x080001ca   0x00000002   Code   RO         2827    .ARM.Collect$$libshutdown$$00000010  c_w.l(libshutdown2.o)
    0x080001cc   0x080001cc   0x00000000   Code   RO         2632    .ARM.Collect$$rtentry$$00000000  c_w.l(__rtentry.o)
    0x080001cc   0x080001cc   0x00000000   Code   RO         2652    .ARM.Collect$$rtentry$$00000002  c_w.l(__rtentry2.o)
    0x080001cc   0x080001cc   0x00000006   Code   RO         2664    .ARM.Collect$$rtentry$$00000004  c_w.l(__rtentry4.o)
    0x080001d2   0x080001d2   0x00000000   Code   RO         2654    .ARM.Collect$$rtentry$$00000009  c_w.l(__rtentry2.o)
    0x080001d2   0x080001d2   0x00000004   Code   RO         2655    .ARM.Collect$$rtentry$$0000000A  c_w.l(__rtentry2.o)
    0x080001d6   0x080001d6   0x00000000   Code   RO         2657    .ARM.Collect$$rtentry$$0000000C  c_w.l(__rtentry2.o)
    0x080001d6   0x080001d6   0x00000008   Code   RO         2658    .ARM.Collect$$rtentry$$0000000D  c_w.l(__rtentry2.o)
    0x080001de   0x080001de   0x00000002   Code   RO         2777    .ARM.Collect$$rtexit$$00000000  c_w.l(rtexit.o)
    0x080001e0   0x080001e0   0x00000000   Code   RO         2784    .ARM.Collect$$rtexit$$00000002  c_w.l(rtexit2.o)
    0x080001e0   0x080001e0   0x00000004   Code   RO         2785    .ARM.Collect$$rtexit$$00000003  c_w.l(rtexit2.o)
    0x080001e4   0x080001e4   0x00000006   Code   RO         2786    .ARM.Collect$$rtexit$$00000004  c_w.l(rtexit2.o)
    0x080001ea   0x080001ea   0x00000002   PAD
    0x080001ec   0x080001ec   0x00000040   Code   RO         1021  * .text               startup_stm32f10x_hd.o
    0x0800022c   0x0800022c   0x00000002   Code   RO         2543    .text               c_w.l(use_no_semi_2.o)
    0x0800022e   0x0800022e   0x00000002   PAD
    0x08000230   0x08000230   0x00000018   Code   RO         2547    .text               c_w.l(noretval__2printf.o)
    0x08000248   0x08000248   0x00000078   Code   RO         2551    .text               c_w.l(_printf_dec.o)
    0x080002c0   0x080002c0   0x0000010e   Code   RO         2561    .text               c_w.l(__printf_wp.o)
    0x080003ce   0x080003ce   0x00000024   Code   RO         2576    .text               c_w.l(strstr.o)
    0x080003f2   0x080003f2   0x00000006   Code   RO         2578    .text               c_w.l(heapauxi.o)
    0x080003f8   0x080003f8   0x00000002   Code   RO         2630    .text               c_w.l(use_no_semi.o)
    0x080003fa   0x080003fa   0x000000b2   Code   RO         2633    .text               c_w.l(_printf_intcommon.o)
    0x080004ac   0x080004ac   0x0000041e   Code   RO         2635    .text               c_w.l(_printf_fp_dec.o)
    0x080008ca   0x080008ca   0x00000002   PAD
    0x080008cc   0x080008cc   0x00000024   Code   RO         2637    .text               c_w.l(_printf_char_file.o)
    0x080008f0   0x080008f0   0x00000008   Code   RO         2669    .text               c_w.l(rt_locale_intlibspace.o)
    0x080008f8   0x080008f8   0x0000008a   Code   RO         2671    .text               c_w.l(lludiv10.o)
    0x08000982   0x08000982   0x00000002   PAD
    0x08000984   0x08000984   0x00000030   Code   RO         2673    .text               c_w.l(_printf_char_common.o)
    0x080009b4   0x080009b4   0x00000080   Code   RO         2675    .text               c_w.l(_printf_fp_infnan.o)
    0x08000a34   0x08000a34   0x000000e4   Code   RO         2677    .text               c_w.l(bigflt0.o)
    0x08000b18   0x08000b18   0x00000008   Code   RO         2702    .text               c_w.l(ferror.o)
    0x08000b20   0x08000b20   0x00000008   Code   RO         2715    .text               c_w.l(libspace.o)
    0x08000b28   0x08000b28   0x0000004a   Code   RO         2718    .text               c_w.l(sys_stackheap_outer.o)
    0x08000b72   0x08000b72   0x00000012   Code   RO         2722    .text               c_w.l(exit.o)
    0x08000b84   0x08000b84   0x00000080   Code   RO         2724    .text               c_w.l(strcmpv7m.o)
    0x08000c04   0x08000c04   0x0000003e   Code   RO         2680    CL$$btod_d2e        c_w.l(btod.o)
    0x08000c42   0x08000c42   0x00000046   Code   RO         2682    CL$$btod_d2e_denorm_low  c_w.l(btod.o)
    0x08000c88   0x08000c88   0x00000060   Code   RO         2681    CL$$btod_d2e_norm_op1  c_w.l(btod.o)
    0x08000ce8   0x08000ce8   0x00000338   Code   RO         2690    CL$$btod_div_common  c_w.l(btod.o)
    0x08001020   0x08001020   0x000000dc   Code   RO         2687    CL$$btod_e2e        c_w.l(btod.o)
    0x080010fc   0x080010fc   0x0000002a   Code   RO         2684    CL$$btod_ediv       c_w.l(btod.o)
    0x08001126   0x08001126   0x0000002a   Code   RO         2683    CL$$btod_emul       c_w.l(btod.o)
    0x08001150   0x08001150   0x00000244   Code   RO         2689    CL$$btod_mult_common  c_w.l(btod.o)
    0x08001394   0x08001394   0x00000016   Code   RO         2283    i.ADC_Cmd           stm32f10x_adc.o
    0x080013aa   0x080013aa   0x00000016   Code   RO         2284    i.ADC_DMACmd        stm32f10x_adc.o
    0x080013c0   0x080013c0   0x0000005c   Code   RO         2285    i.ADC_DeInit        stm32f10x_adc.o
    0x0800141c   0x0800141c   0x00000016   Code   RO         2288    i.ADC_ExternalTrigConvCmd  stm32f10x_adc.o
    0x08001432   0x08001432   0x00000014   Code   RO         2291    i.ADC_GetCalibrationStatus  stm32f10x_adc.o
    0x08001446   0x08001446   0x00000014   Code   RO         2297    i.ADC_GetResetCalibrationStatus  stm32f10x_adc.o
    0x0800145a   0x0800145a   0x00000002   PAD
    0x0800145c   0x0800145c   0x00000050   Code   RO         2301    i.ADC_Init          stm32f10x_adc.o
    0x080014ac   0x080014ac   0x000000b8   Code   RO         2305    i.ADC_RegularChannelConfig  stm32f10x_adc.o
    0x08001564   0x08001564   0x0000000a   Code   RO         2306    i.ADC_ResetCalibration  stm32f10x_adc.o
    0x0800156e   0x0800156e   0x0000000a   Code   RO         2310    i.ADC_StartCalibration  stm32f10x_adc.o
    0x08001578   0x08001578   0x000000b8   Code   RO          481    i.Adc1_Init         adc.o
    0x08001630   0x08001630   0x00000004   Code   RO          141    i.BusFault_Handler  stm32f10x_it.o
    0x08001634   0x08001634   0x00000024   Code   RO          958    i.Clear_Buffer      usart.o
    0x08001658   0x08001658   0x00000028   Code   RO         1579    i.DAC_Cmd           stm32f10x_dac.o
    0x08001680   0x08001680   0x0000002c   Code   RO         1580    i.DAC_DMACmd        stm32f10x_dac.o
    0x080016ac   0x080016ac   0x00000016   Code   RO         1581    i.DAC_DeInit        stm32f10x_dac.o
    0x080016c2   0x080016c2   0x00000002   PAD
    0x080016c4   0x080016c4   0x00000034   Code   RO         1584    i.DAC_Init          stm32f10x_dac.o
    0x080016f8   0x080016f8   0x0000000c   Code   RO         1589    i.DAC_StructInit    stm32f10x_dac.o
    0x08001704   0x08001704   0x00000028   Code   RO          762    i.DMA1_Channel1_IRQHandler  dma.o
    0x0800172c   0x0800172c   0x0000008c   Code   RO          763    i.DMA_ADC1_Init     dma.o
    0x080017b8   0x080017b8   0x0000001c   Code   RO         1658    i.DMA_ClearITPendingBit  stm32f10x_dma.o
    0x080017d4   0x080017d4   0x00000018   Code   RO         1659    i.DMA_Cmd           stm32f10x_dma.o
    0x080017ec   0x080017ec   0x00000064   Code   RO          764    i.DMA_DAC_Init      dma.o
    0x08001850   0x08001850   0x0000014c   Code   RO         1660    i.DMA_DeInit        stm32f10x_dma.o
    0x0800199c   0x0800199c   0x0000002c   Code   RO         1663    i.DMA_GetITStatus   stm32f10x_dma.o
    0x080019c8   0x080019c8   0x00000012   Code   RO         1664    i.DMA_ITConfig      stm32f10x_dma.o
    0x080019da   0x080019da   0x0000003c   Code   RO         1665    i.DMA_Init          stm32f10x_dma.o
    0x08001a16   0x08001a16   0x0000001a   Code   RO         1667    i.DMA_StructInit    stm32f10x_dma.o
    0x08001a30   0x08001a30   0x0000006c   Code   RO          437    i.Dac2_Init         dac.o
    0x08001a9c   0x08001a9c   0x00000002   Code   RO          142    i.DebugMon_Handler  stm32f10x_it.o
    0x08001a9e   0x08001a9e   0x00000002   PAD
    0x08001aa0   0x08001aa0   0x00000068   Code   RO          482    i.FIR_Filter        adc.o
    0x08001b08   0x08001b08   0x00000116   Code   RO         1067    i.GPIO_Init         stm32f10x_gpio.o
    0x08001c1e   0x08001c1e   0x00000004   Code   RO         1075    i.GPIO_SetBits      stm32f10x_gpio.o
    0x08001c22   0x08001c22   0x00000002   PAD
    0x08001c24   0x08001c24   0x00000064   Code   RO          321    i.Get_Status        led.o
    0x08001c88   0x08001c88   0x00000004   Code   RO          143    i.HardFault_Handler  stm32f10x_it.o
    0x08001c8c   0x08001c8c   0x00000010   Code   RO         2499    i.IWDG_Enable       stm32f10x_iwdg.o
    0x08001c9c   0x08001c9c   0x00000008   Code   RO          882    i.IWDG_Feed         wdg.o
    0x08001ca4   0x08001ca4   0x00000024   Code   RO          883    i.IWDG_Init         wdg.o
    0x08001cc8   0x08001cc8   0x00000010   Code   RO         2501    i.IWDG_ReloadCounter  stm32f10x_iwdg.o
    0x08001cd8   0x08001cd8   0x0000000c   Code   RO         2502    i.IWDG_SetPrescaler  stm32f10x_iwdg.o
    0x08001ce4   0x08001ce4   0x0000000c   Code   RO         2503    i.IWDG_SetReload    stm32f10x_iwdg.o
    0x08001cf0   0x08001cf0   0x0000000c   Code   RO         2504    i.IWDG_WriteAccessCmd  stm32f10x_iwdg.o
    0x08001cfc   0x08001cfc   0x0000002c   Code   RO          486    i.Kalman_Init       adc.o
    0x08001d28   0x08001d28   0x00000064   Code   RO          322    i.LED_Init          led.o
    0x08001d8c   0x08001d8c   0x00000004   Code   RO          144    i.MemManage_Handler  stm32f10x_it.o
    0x08001d90   0x08001d90   0x00000002   Code   RO          145    i.NMI_Handler       stm32f10x_it.o
    0x08001d92   0x08001d92   0x00000002   PAD
    0x08001d94   0x08001d94   0x00000070   Code   RO         1025    i.NVIC_Init         misc.o
    0x08001e04   0x08001e04   0x00000014   Code   RO         1026    i.NVIC_PriorityGroupConfig  misc.o
    0x08001e18   0x08001e18   0x0000000e   Code   RO          717    i.PID_Clear         measfre.o
    0x08001e26   0x08001e26   0x00000034   Code   RO          718    i.PID_Init          measfre.o
    0x08001e5a   0x08001e5a   0x00000092   Code   RO          719    i.PID_SingleCalc    measfre.o
    0x08001eec   0x08001eec   0x00000002   Code   RO          146    i.PendSV_Handler    stm32f10x_it.o
    0x08001eee   0x08001eee   0x00000002   PAD
    0x08001ef0   0x08001ef0   0x00000018   Code   RO         1199    i.RCC_ADCCLKConfig  stm32f10x_rcc.o
    0x08001f08   0x08001f08   0x00000020   Code   RO         1200    i.RCC_AHBPeriphClockCmd  stm32f10x_rcc.o
    0x08001f28   0x08001f28   0x00000020   Code   RO         1201    i.RCC_APB1PeriphClockCmd  stm32f10x_rcc.o
    0x08001f48   0x08001f48   0x00000020   Code   RO         1202    i.RCC_APB1PeriphResetCmd  stm32f10x_rcc.o
    0x08001f68   0x08001f68   0x00000020   Code   RO         1203    i.RCC_APB2PeriphClockCmd  stm32f10x_rcc.o
    0x08001f88   0x08001f88   0x00000020   Code   RO         1204    i.RCC_APB2PeriphResetCmd  stm32f10x_rcc.o
    0x08001fa8   0x08001fa8   0x000000d4   Code   RO         1211    i.RCC_GetClocksFreq  stm32f10x_rcc.o
    0x0800207c   0x0800207c   0x00000002   Code   RO          147    i.SVC_Handler       stm32f10x_it.o
    0x0800207e   0x0800207e   0x00000002   PAD
    0x08002080   0x08002080   0x0000006c   Code   RO          720    i.SetFre_Init       measfre.o
    0x080020ec   0x080020ec   0x00000008   Code   RO          287    i.SetSysClock       system_stm32f10x.o
    0x080020f4   0x080020f4   0x000000e0   Code   RO          288    i.SetSysClockTo72   system_stm32f10x.o
    0x080021d4   0x080021d4   0x00000028   Code   RO         1029    i.SysTick_CLKSourceConfig  misc.o
    0x080021fc   0x080021fc   0x00000002   Code   RO          148    i.SysTick_Handler   stm32f10x_it.o
    0x080021fe   0x080021fe   0x00000002   PAD
    0x08002200   0x08002200   0x00000060   Code   RO          290    i.SystemInit        system_stm32f10x.o
    0x08002260   0x08002260   0x0000001a   Code   RO          546    i.TIM2_IRQHandler   timer.o
    0x0800227a   0x0800227a   0x00000002   PAD
    0x0800227c   0x0800227c   0x0000004c   Code   RO          548    i.TIM3_Int_Init     timer.o
    0x080022c8   0x080022c8   0x00000050   Code   RO          549    i.TIM4_Int_Init     timer.o
    0x08002318   0x08002318   0x00000080   Code   RO          550    i.TIM5_IRQHandler   timer.o
    0x08002398   0x08002398   0x00000060   Code   RO          551    i.TIM5_Int_Init     timer.o
    0x080023f8   0x080023f8   0x0000005c   Code   RO          552    i.TIM6_IRQHandler   timer.o
    0x08002454   0x08002454   0x0000006c   Code   RO          553    i.TIM6_Int_Init     timer.o
    0x080024c0   0x080024c0   0x00000006   Code   RO         1740    i.TIM_ClearITPendingBit  stm32f10x_tim.o
    0x080024c6   0x080024c6   0x00000018   Code   RO         1745    i.TIM_Cmd           stm32f10x_tim.o
    0x080024de   0x080024de   0x00000002   PAD
    0x080024e0   0x080024e0   0x000001e8   Code   RO         1750    i.TIM_DeInit        stm32f10x_tim.o
    0x080026c8   0x080026c8   0x00000022   Code   RO         1766    i.TIM_GetITStatus   stm32f10x_tim.o
    0x080026ea   0x080026ea   0x00000012   Code   RO         1770    i.TIM_ITConfig      stm32f10x_tim.o
    0x080026fc   0x080026fc   0x00000012   Code   RO         1802    i.TIM_SelectOutputTrigger  stm32f10x_tim.o
    0x0800270e   0x0800270e   0x00000002   PAD
    0x08002710   0x08002710   0x000000a4   Code   RO         1816    i.TIM_TimeBaseInit  stm32f10x_tim.o
    0x080027b4   0x080027b4   0x00000012   Code   RO         1817    i.TIM_TimeBaseStructInit  stm32f10x_tim.o
    0x080027c6   0x080027c6   0x00000002   PAD
    0x080027c8   0x080027c8   0x00000098   Code   RO          959    i.USART1_IRQHandler  usart.o
    0x08002860   0x08002860   0x0000001e   Code   RO         1400    i.USART_ClearITPendingBit  stm32f10x_usart.o
    0x0800287e   0x0800287e   0x00000018   Code   RO         1403    i.USART_Cmd         stm32f10x_usart.o
    0x08002896   0x08002896   0x00000054   Code   RO         1407    i.USART_GetITStatus  stm32f10x_usart.o
    0x080028ea   0x080028ea   0x0000004a   Code   RO         1409    i.USART_ITConfig    stm32f10x_usart.o
    0x08002934   0x08002934   0x000000d8   Code   RO         1410    i.USART_Init        stm32f10x_usart.o
    0x08002a0c   0x08002a0c   0x0000000a   Code   RO         1417    i.USART_ReceiveData  stm32f10x_usart.o
    0x08002a16   0x08002a16   0x00000004   Code   RO          149    i.UsageFault_Handler  stm32f10x_it.o
    0x08002a1a   0x08002a1a   0x0000001a   Code   RO          721    i.Wait_Preheat      measfre.o
    0x08002a34   0x08002a34   0x00000028   Code   RO         2713    i.__ARM_fpclassify  m_ws.l(fpclassify.o)
    0x08002a5c   0x08002a5c   0x0000000e   Code   RO         2563    i._is_digit         c_w.l(__printf_wp.o)
    0x08002a6a   0x08002a6a   0x00000006   Code   RO          960    i._sys_exit         usart.o
    0x08002a70   0x08002a70   0x00000044   Code   RO          903    i.delay_init        delay.o
    0x08002ab4   0x08002ab4   0x0000004c   Code   RO          904    i.delay_ms          delay.o
    0x08002b00   0x08002b00   0x0000001c   Code   RO          961    i.fputc             usart.o
    0x08002b1c   0x08002b1c   0x00000134   Code   RO            1    i.main              main.o
    0x08002c50   0x08002c50   0x000000ac   Code   RO          962    i.uart_init         usart.o
    0x08002cfc   0x08002cfc   0x0000002c   Code   RO         2707    locale$$code        c_w.l(lc_numeric_c.o)
    0x08002d28   0x08002d28   0x00000062   Code   RO         2582    x$fpl$d2f           fz_ws.l(d2f.o)
    0x08002d8a   0x08002d8a   0x00000002   PAD
    0x08002d8c   0x08002d8c   0x00000150   Code   RO         2584    x$fpl$dadd          fz_ws.l(daddsub_clz.o)
    0x08002edc   0x08002edc   0x0000005a   Code   RO         2590    x$fpl$dfixu         fz_ws.l(dfixu.o)
    0x08002f36   0x08002f36   0x00000026   Code   RO         2594    x$fpl$dfltu         fz_ws.l(dflt_clz.o)
    0x08002f5c   0x08002f5c   0x00000154   Code   RO         2600    x$fpl$dmul          fz_ws.l(dmul.o)
    0x080030b0   0x080030b0   0x0000009c   Code   RO         2640    x$fpl$dnaninf       fz_ws.l(dnaninf.o)
    0x0800314c   0x0800314c   0x0000000c   Code   RO         2642    x$fpl$dretinf       fz_ws.l(dretinf.o)
    0x08003158   0x08003158   0x000001d4   Code   RO         2586    x$fpl$dsub          fz_ws.l(daddsub_clz.o)
    0x0800332c   0x0800332c   0x00000056   Code   RO         2602    x$fpl$f2d           fz_ws.l(f2d.o)
    0x08003382   0x08003382   0x00000002   PAD
    0x08003384   0x08003384   0x000000c4   Code   RO         2604    x$fpl$fadd          fz_ws.l(faddsub_clz.o)
    0x08003448   0x08003448   0x00000018   Code   RO         2709    x$fpl$fcmpinf       fz_ws.l(fcmpi.o)
    0x08003460   0x08003460   0x00000184   Code   RO         2611    x$fpl$fdiv          fz_ws.l(fdiv.o)
    0x080035e4   0x080035e4   0x0000003e   Code   RO         2614    x$fpl$ffixu         fz_ws.l(ffixu.o)
    0x08003622   0x08003622   0x00000002   PAD
    0x08003624   0x08003624   0x00000026   Code   RO         2618    x$fpl$ffltu         fz_ws.l(fflt_clz.o)
    0x0800364a   0x0800364a   0x00000002   PAD
    0x0800364c   0x0800364c   0x00000068   Code   RO         2644    x$fpl$fleqf         fz_ws.l(fleqf.o)
    0x080036b4   0x080036b4   0x0000008c   Code   RO         2646    x$fpl$fnaninf       fz_ws.l(fnaninf.o)
    0x08003740   0x08003740   0x0000000a   Code   RO         2648    x$fpl$fretinf       fz_ws.l(fretinf.o)
    0x0800374a   0x0800374a   0x00000062   Code   RO         2626    x$fpl$frleqf        fz_ws.l(frleqf.o)
    0x080037ac   0x080037ac   0x000000ea   Code   RO         2606    x$fpl$fsub          fz_ws.l(faddsub_clz.o)
    0x08003896   0x08003896   0x00000004   Code   RO         2628    x$fpl$printf1       fz_ws.l(printf1.o)
    0x0800389a   0x0800389a   0x00000000   Code   RO         2650    x$fpl$usenofp       fz_ws.l(usenofp.o)
    0x0800389a   0x0800389a   0x00000002   PAD
    0x0800389c   0x0800389c   0x00000094   Data   RO         2678    .constdata          c_w.l(bigflt0.o)
    0x08003930   0x08003930   0x00000020   Data   RO         2852    Region$$Table       anon$$obj.o
    0x08003950   0x08003950   0x0000001c   Data   RO         2706    locale$$data        c_w.l(lc_numeric_c.o)


    Execution Region ER_RW (Exec base: 0x20000000, Load base: 0x0800396c, Size: 0x00000054, Max: 0xffffffff, ABSOLUTE)

    Exec Addr    Load Addr    Size         Type   Attr      Idx    E Section Name        Object

    0x20000000   0x0800396c   0x00000014   Data   RW          291    .data               system_stm32f10x.o
    0x20000014   0x08003980   0x00000004   Data   RW          323    .data               led.o
    0x20000018   0x08003984   0x00000004   Data   RW          490    .data               adc.o
    0x2000001c   0x08003988   0x00000001   Data   RW          554    .data               timer.o
    0x2000001d   0x08003989   0x00000003   PAD
    0x20000020   0x0800398c   0x0000000e   Data   RW          765    .data               dma.o
    0x2000002e   0x0800399a   0x00000004   Data   RW          906    .data               delay.o
    0x20000032   0x0800399e   0x00000002   PAD
    0x20000034   0x080039a0   0x00000009   Data   RW          964    .data               usart.o
    0x2000003d   0x080039a9   0x00000014   Data   RW         1231    .data               stm32f10x_rcc.o


    Execution Region ER_ZI (Exec base: 0x20000054, Load base: 0x080039c0, Size: 0x0000078c, Max: 0xffffffff, ABSOLUTE)

    Exec Addr    Load Addr    Size         Type   Attr      Idx    E Section Name        Object

    0x20000054   0x080039c0   0x00000004   PAD
    0x20000058        -       0x00000038   Zero   RW            2    .bss                main.o
    0x20000090        -       0x0000001c   Zero   RW          489    .bss                adc.o
    0x200000ac        -       0x000000d2   Zero   RW          963    .bss                usart.o
    0x2000017e   0x080039c0   0x00000002   PAD
    0x20000180        -       0x00000060   Zero   RW         2716    .bss                c_w.l(libspace.o)
    0x200001e0        -       0x00000200   Zero   RW         1019    HEAP                startup_stm32f10x_hd.o
    0x200003e0        -       0x00000400   Zero   RW         1018    STACK               startup_stm32f10x_hd.o


==============================================================================

Image component sizes


      Code (inc. data)   RO Data    RW Data    ZI Data      Debug   Object Name

       332         46          0          4         28       2180   adc.o
       108          4          0          0          0     214324   dac.o
       144         22          0          4          0       1136   delay.o
       280         36          0         14          0     216846   dma.o
       200         24          0          4          0     212656   led.o
       308         34          0          0         56     225021   main.o
       346          8          0          0          0       3870   measfre.o
       172         22          0          0          0       1969   misc.o
        64         26        304          0       1536        784   startup_stm32f10x_hd.o
       482         24          0          0          0       7733   stm32f10x_adc.o
       170         18          0          0          0       3216   stm32f10x_dac.o
       532         26          0          0          0       5492   stm32f10x_dma.o
       282          0          0          0          0       2435   stm32f10x_gpio.o
        26          0          0          0          0      61438   stm32f10x_it.o
        68         30          0          0          0       2374   stm32f10x_iwdg.o
       396         56          0         20          0       6503   stm32f10x_rcc.o
       770        106          0          0          0       5258   stm32f10x_tim.o
       438          6          0          0          0       5496   stm32f10x_usart.o
         0          0          0          0          0         32   sys.o
       328         28          0         20          0       1977   system_stm32f10x.o
       606         72          0          1          0     230039   timer.o
       394         54          0          9        210       4945   usart.o
        44          0          0          0          0        956   wdg.o

    ----------------------------------------------------------------------
      6514        642        336         84       1836    1216680   Object Totals
         0          0         32          0          0          0   (incl. Generated)
        24          0          0          8          6          0   (incl. Padding)

    ----------------------------------------------------------------------

      Code (inc. data)   RO Data    RW Data    ZI Data      Debug   Library Member Name

         8          0          0          0          0         68   __main.o
       284          0          0          0          0        156   __printf_wp.o
         0          0          0          0          0          0   __rtentry.o
        12          0          0          0          0          0   __rtentry2.o
         6          0          0          0          0          0   __rtentry4.o
        52          8          0          0          0          0   __scatter.o
        26          0          0          0          0          0   __scatter_copy.o
        28          0          0          0          0          0   __scatter_zi.o
        48          6          0          0          0         96   _printf_char_common.o
        36          4          0          0          0         80   _printf_char_file.o
         6          0          0          0          0          0   _printf_d.o
       120         16          0          0          0         92   _printf_dec.o
         6          0          0          0          0          0   _printf_f.o
      1054          0          0          0          0        216   _printf_fp_dec.o
       128         16          0          0          0         84   _printf_fp_infnan.o
       178          0          0          0          0         88   _printf_intcommon.o
         0          0          0          0          0          0   _printf_percent.o
         4          0          0          0          0          0   _printf_percent_end.o
       228          4        148          0          0         96   bigflt0.o
      1936        128          0          0          0        672   btod.o
        18          0          0          0          0         80   exit.o
         8          0          0          0          0         68   ferror.o
         6          0          0          0          0        152   heapauxi.o
        44         10         28          0          0         76   lc_numeric_c.o
         2          0          0          0          0          0   libinit.o
        18          0          0          0          0          0   libinit2.o
         2          0          0          0          0          0   libshutdown.o
         2          0          0          0          0          0   libshutdown2.o
         8          4          0          0         96         68   libspace.o
       138          0          0          0          0         80   lludiv10.o
        24          4          0          0          0         84   noretval__2printf.o
         8          4          0          0          0         68   rt_locale_intlibspace.o
         2          0          0          0          0          0   rtexit.o
        10          0          0          0          0          0   rtexit2.o
       128          0          0          0          0         68   strcmpv7m.o
        36          0          0          0          0         80   strstr.o
        74          0          0          0          0         80   sys_stackheap_outer.o
         2          0          0          0          0         68   use_no_semi.o
         2          0          0          0          0         68   use_no_semi_2.o
        98          4          0          0          0         92   d2f.o
       804         16          0          0          0        272   daddsub_clz.o
        90          4          0          0          0         92   dfixu.o
        38          0          0          0          0         68   dflt_clz.o
       340         12          0          0          0        104   dmul.o
       156          4          0          0          0         92   dnaninf.o
        12          0          0          0          0         68   dretinf.o
        86          4          0          0          0         84   f2d.o
       430          8          0          0          0        168   faddsub_clz.o
        24          0          0          0          0         68   fcmpi.o
       388         76          0          0          0         96   fdiv.o
        62          4          0          0          0         84   ffixu.o
        38          0          0          0          0         68   fflt_clz.o
       104          4          0          0          0         84   fleqf.o
       140          4          0          0          0         84   fnaninf.o
        10          0          0          0          0         68   fretinf.o
        98          0          0          0          0         68   frleqf.o
         4          0          0          0          0         68   printf1.o
         0          0          0          0          0          0   usenofp.o
        40          0          0          0          0         68   fpclassify.o

    ----------------------------------------------------------------------
      7674        344        176          0         96       4484   Library Totals
        20          0          0          0          0          0   (incl. Padding)

    ----------------------------------------------------------------------

      Code (inc. data)   RO Data    RW Data    ZI Data      Debug   Library Name

      4692        204        176          0         96       2688   c_w.l
      2922        140          0          0          0       1728   fz_ws.l
        40          0          0          0          0         68   m_ws.l

    ----------------------------------------------------------------------
      7674        344        176          0         96       4484   Library Totals

    ----------------------------------------------------------------------

==============================================================================


      Code (inc. data)   RO Data    RW Data    ZI Data      Debug   

     14188        986        512         84       1932    1213828   Grand Totals
     14188        986        512         84       1932    1213828   ELF Image Totals
     14188        986        512         84          0          0   ROM Totals

==============================================================================

    Total RO  Size (Code + RO Data)                14700 (  14.36kB)
    Total RW  Size (RW Data + ZI Data)              2016 (   1.97kB)
    Total ROM Size (Code + RO Data + RW Data)      14784 (  14.44kB)

==============================================================================

